BL51 BANKED LINKER/LOCATER V5.03              04/25/2008  09:48:59  PAGE 1


BL51 BANKED LINKER/LOCATER V5.03, INVOKED BY:
D:\SILABS\MCU\IDEFILES\C51\BIN\BL51.EXE E:\GXWORK\SIGNAL_MACHINE\OLD\SRC\CONTR
>> OL\DATASTRUCT.OBJ, E:\GXWORK\SIGNAL_MACHINE\OLD\SRC\CONTROL\CORDLESS_COORDI
>> NATE_CONTROL.OBJ, E:\GXWORK\SIGNAL_MACHINE\OLD\SRC\CONTROL\KERNEL.OBJ, E:\G
>> XWORK\SIGNAL_MACHINE\OLD\SRC\CONTROL\MAIN.OBJ, E:\GXWORK\SIGNAL_MACHINE\OLD
>> \SRC\CONTROL\MANUAL_CONTROL.OBJ, E:\GXWORK\SIGNAL_MACHINE\OLD\SRC\CONTROL\M
>> CU.OBJ, E:\GXWORK\SIGNAL_MACHINE\OLD\SRC\CONTROL\MULTIPLE_SCHEDULE_CONTROL.
>> OBJ, E:\GXWORK\SIGNAL_MACHINE\OLD\SRC\CONTROL\STARTUP.OBJ, E:\GXWORK\SIGNAL
>> _MACHINE\OLD\SRC\CONTROL\ACTUATE_CONTROL.OBJ, E:\GXWORK\SIGNAL_MACHINE\OLD\
>> SRC\CONTROL\EXECUTIVE_MACHINE_CONTROL.OBJ, E:\GXWORK\SIGNAL_MACHINE\OLD\SRC
>> \CONTROL\CODEC.OBJ, E:\GXWORK\SIGNAL_MACHINE\OLD\SRC\CONTROL\COMMAND_REACTO
>> R.OBJ, E:\GXWORK\SIGNAL_MACHINE\OLD\SRC\CONTROL\ISR_ADC0.OBJ, E:\GXWORK\SIG
>> NAL_MACHINE\OLD\SRC\CONTROL\ISR_INT0.OBJ, E:\GXWORK\SIGNAL_MACHINE\OLD\SRC\
>> CONTROL\ISR_SMBUS.OBJ, E:\GXWORK\SIGNAL_MACHINE\OLD\SRC\CONTROL\ISR_TIMER3.
>> OBJ, E:\GXWORK\SIGNAL_MACHINE\OLD\SRC\CONTROL\ISR_UART.OBJ, E:\GXWORK\SIGNA
>> L_MACHINE\OLD\SRC\CONTROL\UTIL.OBJ, E:\GXWORK\SIGNAL_MACHINE\OLD\SRC\CONTRO
>> L\DETECTOR_SET.OBJ, E:\GXWORK\SIGNAL_MACHINE\OLD\SRC\CONTROL\SMBUS.OBJ, E:\
>> GXWORK\SIGNAL_MACHINE\OLD\SRC\CONTROL\KEY_BUFFER.OBJ, E:\GXWORK\SIGNAL_MACH
>> INE\OLD\SRC\CONTROL\ERROR_CODE.OBJ, E:\GXWORK\SIGNAL_MACHINE\OLD\SRC\CONTRO
>> L\CPLD_FIFO.OBJ TO E:\GXWORK\SIGNAL_MACHINE\OLD\SRC\CONTROL\DATASTRUCT RS (
>> 256) PL (68) PW (78)


MEMORY MODEL: LARGE


INPUT MODULES INCLUDED:
  E:\GXWORK\SIGNAL_MACHINE\OLD\SRC\CONTROL\DATASTRUCT.OBJ (DATASTRUCT)
  E:\GXWORK\SIGNAL_MACHINE\OLD\SRC\CONTROL\CORDLESS_COORDINATE_CONTROL.OBJ (CO
>> RDLESS_COORDINATE_CONTROL)
  E:\GXWORK\SIGNAL_MACHINE\OLD\SRC\CONTROL\KERNEL.OBJ (KERNEL)
  E:\GXWORK\SIGNAL_MACHINE\OLD\SRC\CONTROL\MAIN.OBJ (MAIN)
  E:\GXWORK\SIGNAL_MACHINE\OLD\SRC\CONTROL\MANUAL_CONTROL.OBJ (MANUAL_CONTROL)
>> 
  E:\GXWORK\SIGNAL_MACHINE\OLD\SRC\CONTROL\MCU.OBJ (MCU)
  E:\GXWORK\SIGNAL_MACHINE\OLD\SRC\CONTROL\MULTIPLE_SCHEDULE_CONTROL.OBJ (MULT
>> IPLE_SCHEDULE_CONTROL)
  E:\GXWORK\SIGNAL_MACHINE\OLD\SRC\CONTROL\STARTUP.OBJ (?C_STARTUP)
  E:\GXWORK\SIGNAL_MACHINE\OLD\SRC\CONTROL\ACTUATE_CONTROL.OBJ (ACTUATE_CONTRO
>> L)
  E:\GXWORK\SIGNAL_MACHINE\OLD\SRC\CONTROL\EXECUTIVE_MACHINE_CONTROL.OBJ (EXEC
>> UTIVE_MACHINE_CONTROL)
  E:\GXWORK\SIGNAL_MACHINE\OLD\SRC\CONTROL\CODEC.OBJ (CODEC)
  E:\GXWORK\SIGNAL_MACHINE\OLD\SRC\CONTROL\COMMAND_REACTOR.OBJ (COMMAND_REACTO
>> R)
  E:\GXWORK\SIGNAL_MACHINE\OLD\SRC\CONTROL\ISR_ADC0.OBJ (ISR_ADC0)
  E:\GXWORK\SIGNAL_MACHINE\OLD\SRC\CONTROL\ISR_INT0.OBJ (ISR_INT0)
  E:\GXWORK\SIGNAL_MACHINE\OLD\SRC\CONTROL\ISR_SMBUS.OBJ (ISR_SMBUS)
  E:\GXWORK\SIGNAL_MACHINE\OLD\SRC\CONTROL\ISR_TIMER3.OBJ (ISR_TIMER3)
  E:\GXWORK\SIGNAL_MACHINE\OLD\SRC\CONTROL\ISR_UART.OBJ (ISR_UART)
  E:\GXWORK\SIGNAL_MACHINE\OLD\SRC\CONTROL\UTIL.OBJ (UTIL)
  E:\GXWORK\SIGNAL_MACHINE\OLD\SRC\CONTROL\DETECTOR_SET.OBJ (DETECTOR_SET)
  E:\GXWORK\SIGNAL_MACHINE\OLD\SRC\CONTROL\SMBUS.OBJ (SMBUS)
  E:\GXWORK\SIGNAL_MACHINE\OLD\SRC\CONTROL\KEY_BUFFER.OBJ (KEY_BUFFER)
  E:\GXWORK\SIGNAL_MACHINE\OLD\SRC\CONTROL\ERROR_CODE.OBJ (ERROR_CODE)
  E:\GXWORK\SIGNAL_MACHINE\OLD\SRC\CONTROL\CPLD_FIFO.OBJ (CPLD_FIFO)
  D:\SILABS\MCU\IDEFILES\C51\LIB\C51L.LIB (?C_INIT)
  D:\SILABS\MCU\IDEFILES\C51\LIB\C51L.LIB (?C?COPY)
  D:\SILABS\MCU\IDEFILES\C51\LIB\C51L.LIB (?C?CLDPTR)
  D:\SILABS\MCU\IDEFILES\C51\LIB\C51L.LIB (?C?CLDOPTR)
  D:\SILABS\MCU\IDEFILES\C51\LIB\C51L.LIB (?C?CSTPTR)
  D:\SILABS\MCU\IDEFILES\C51\LIB\C51L.LIB (?C?CSTOPTR)
  D:\SILABS\MCU\IDEFILES\C51\LIB\C51L.LIB (?C?IMUL)
  D:\SILABS\MCU\IDEFILES\C51\LIB\C51L.LIB (?C?UIDIV)
  D:\SILABS\MCU\IDEFILES\C51\LIB\C51L.LIB (?C?SIDIV)
  D:\SILABS\MCU\IDEFILES\C51\LIB\C51L.LIB (?C?ILDIX)
BL51 BANKED LINKER/LOCATER V5.03            04/25/2008  09:48:59  PAGE 2


  D:\SILABS\MCU\IDEFILES\C51\LIB\C51L.LIB (?C?ILDPTR)
  D:\SILABS\MCU\IDEFILES\C51\LIB\C51L.LIB (?C?ILDIPTR)
  D:\SILABS\MCU\IDEFILES\C51\LIB\C51L.LIB (?C?ILDOPTR)
  D:\SILABS\MCU\IDEFILES\C51\LIB\C51L.LIB (?C?ILDIOPTR)
  D:\SILABS\MCU\IDEFILES\C51\LIB\C51L.LIB (?C?ISTPTR)
  D:\SILABS\MCU\IDEFILES\C51\LIB\C51L.LIB (?C?ISTOPTR)
  D:\SILABS\MCU\IDEFILES\C51\LIB\C51L.LIB (?C?LMUL)
  D:\SILABS\MCU\IDEFILES\C51\LIB\C51L.LIB (?C?ULDIV)
  D:\SILABS\MCU\IDEFILES\C51\LIB\C51L.LIB (?C?SLDIV)
  D:\SILABS\MCU\IDEFILES\C51\LIB\C51L.LIB (?C?ULSHR)
  D:\SILABS\MCU\IDEFILES\C51\LIB\C51L.LIB (?C?LSTXDATA)
  D:\SILABS\MCU\IDEFILES\C51\LIB\C51L.LIB (?C?LSTKXDATA)
  D:\SILABS\MCU\IDEFILES\C51\LIB\C51L.LIB (?C?OFFXADD)
  D:\SILABS\MCU\IDEFILES\C51\LIB\C51L.LIB (?C?PLDOPTR)
  D:\SILABS\MCU\IDEFILES\C51\LIB\C51L.LIB (?C?PSTOPTR)
  D:\SILABS\MCU\IDEFILES\C51\LIB\C51L.LIB (?C?ICALL)
  D:\SILABS\MCU\IDEFILES\C51\LIB\C51L.LIB (PRINTF)
  D:\SILABS\MCU\IDEFILES\C51\LIB\C51L.LIB (?C?MEMSET)
  D:\SILABS\MCU\IDEFILES\C51\LIB\C51L.LIB (?C?PLDIDATA)
  D:\SILABS\MCU\IDEFILES\C51\LIB\C51L.LIB (?C?PSTIDATA)
  D:\SILABS\MCU\IDEFILES\C51\LIB\C51L.LIB (?C?PLDXDATA)
  D:\SILABS\MCU\IDEFILES\C51\LIB\C51L.LIB (?C?PLDIXDATA)
  D:\SILABS\MCU\IDEFILES\C51\LIB\C51L.LIB (?C?PSTXDATA)
  D:\SILABS\MCU\IDEFILES\C51\LIB\C51L.LIB (?C?PLDPDATA)
  D:\SILABS\MCU\IDEFILES\C51\LIB\C51L.LIB (?C?PSTPDATA)
  D:\SILABS\MCU\IDEFILES\C51\LIB\C51L.LIB (?C?PLDCODE)
  D:\SILABS\MCU\IDEFILES\C51\LIB\C51L.LIB (?C?CCASE)
  D:\SILABS\MCU\IDEFILES\C51\LIB\C51L.LIB (PUTCHAR)


LINK MAP OF MODULE:  E:\GXWORK\SIGNAL_MACHINE\OLD\SRC\CONTROL\DATASTRUCT (DATA
>> STRUCT)


            TYPE    BASE      LENGTH    RELOCATION   SEGMENT NAME
            -----------------------------------------------------

            * * * * * * *   D A T A   M E M O R Y   * * * * * * *
            REG     0000H     0008H     ABSOLUTE     "REG BANK 0"
            REG     0008H     0008H     ABSOLUTE     "REG BANK 1"
            REG     0010H     0008H     ABSOLUTE     "REG BANK 2"
            REG     0018H     0008H     ABSOLUTE     "REG BANK 3"
            DATA    0020H     0001H     BIT_ADDR     ?BA?MCU
            DATA    0021H     0001H     BIT_ADDR     ?BA?ISR_ADC0
            DATA    0022H     0001H     BIT_ADDR     ?BA?ISR_SMBUS
            DATA    0023H     0002H     BIT_ADDR     ?BA?ISR_UART
            DATA    0025H     0002H     BIT_ADDR     ?BA?SMBUS
            BIT     0027H.0   0003H.5   UNIT         ?BI?MCU
            BIT     002AH.5   0001H.3   UNIT         _BIT_GROUP_
            BIT     002CH.0   0001H.0   UNIT         ?BI?SMBUS
            BIT     002DH.0   0000H.2   UNIT         ?BI?ACTUATE_CONTROL
            BIT     002DH.2   0000H.2   UNIT         ?BI?ISR_ADC0
            BIT     002DH.4   0000H.1   UNIT         ?BI?ISR_SMBUS
                    002DH.5   0000H.3                *** GAP ***
            DATA    002EH     0013H     UNIT         _DATA_GROUP_
            DATA    0041H     000BH     UNIT         ?DT?ISR_SMBUS
            DATA    004CH     0002H     UNIT         ?DT?MCU
            DATA    004EH     0002H     UNIT         ?DT?ISR_TIMER3
            IDATA   0050H     0001H     UNIT         ?STACK

            * * * * * * *  X D A T A   M E M O R Y  * * * * * * *
            XDATA   0000H     15E2H     UNIT         ?XD?ISR_UART
            XDATA   15E2H     106DH     UNIT         ?XD?KERNEL
            XDATA   264FH     0844H     UNIT         ?XD?COMMAND_REACTOR
            XDATA   2E93H     0600H     UNIT         ?XD?CODEC
BL51 BANKED LINKER/LOCATER V5.03            04/25/2008  09:48:59  PAGE 3


            XDATA   3493H     0221H     UNIT         _XDATA_GROUP_
            XDATA   36B4H     017FH     UNIT         ?XD?MCU
            XDATA   3833H     0101H     UNIT         ?XD?ISR_SMBUS
            XDATA   3934H     006BH     UNIT         ?XD?SMBUS
            XDATA   399FH     0058H     UNIT         ?XD?ACTUATE_CONTROL
            XDATA   39F7H     000DH     UNIT         ?XD?_GREEN_CONFLICT_SET_C
>> ONFLICT?DATASTRUCT
            XDATA   3A04H     000DH     UNIT         ?XD?ISR_ADC0
            XDATA   3A11H     000CH     UNIT         ?XD?_ENCODE_SET_PHASE_PLA
>> N_REQ?CODEC
            XDATA   3A1DH     000BH     UNIT         ?XD?_GREEN_CONFLICT_IS_CO
>> NFLICT?DATASTRUCT
            XDATA   3A28H     000AH     UNIT         ?XD?_IS_PHASE_GREEN_CONFL
>> ICT?DATASTRUCT
            XDATA   3A32H     0009H     UNIT         ?XD?_PHASE_SET_OUTPUT?DAT
>> ASTRUCT
            XDATA   3A3BH     0009H     UNIT         ?XD?_LAMP_HEALTH_SET_HEAL
>> TH?DATASTRUCT
            XDATA   3A44H     0009H     UNIT         ?XD?_DETECTOR_HEALTH_SET_
>> HEALTH?DATASTRUCT
            XDATA   3A4DH     0009H     UNIT         ?XD?_DETECTOR_STATUS_SET_
>> STATUS?DATASTRUCT
            XDATA   3A56H     0009H     UNIT         ?XD?_DECODE_GET_PHASE_PLA
>> N_RES?CODEC
            XDATA   3A5FH     0008H     UNIT         ?XD?_ENCODE_SET_TIMMING_P
>> LAN_REQ?CODEC
            XDATA   3A67H     0008H     UNIT         ?XD?_ENCODE_SET_SCHEDULE_
>> PLAN_REQ?CODEC
            XDATA   3A6FH     0008H     UNIT         ?XD?_ENCODE_SET_COMM_PARA
>> M_REQ?CODEC
            XDATA   3A77H     0007H     UNIT         ?XD?_LAMP_GROUP_SETTING_G
>> ET_TERMINAL?DATASTRUCT
            XDATA   3A7EH     0006H     UNIT         ?XD?_ENCODE_SET_SYSTEM_TI
>> ME_REQ?CODEC
            XDATA   3A84H     0006H     UNIT         ?XD?_DECODE_GET_SYSTEM_TI
>> ME_RES?CODEC
            XDATA   3A8AH     0006H     UNIT         ?XD?_ENCODE_SET_SYSTEM_PA
>> RAM_REQ?CODEC
            XDATA   3A90H     0006H     UNIT         ?XD?_DECODE_GET_SYSTEM_PA
>> RAM_RES?CODEC
            XDATA   3A96H     0006H     UNIT         ?XD?_ENCODE_SET_LAMP_GROU
>> P_SETTING_REQ?CODEC
            XDATA   3A9CH     0006H     UNIT         ?XD?_ENCODE_SET_DETECTOR_
>> SETTING_REQ?CODEC
            XDATA   3AA2H     0006H     UNIT         ?XD?_DECODE_GET_DETECTOR_
>> SETTING_RES?CODEC
            XDATA   3AA8H     0006H     UNIT         ?XD?_DECODE_GET_TIMMING_P
>> LAN_RES?CODEC
            XDATA   3AAEH     0006H     UNIT         ?XD?_DECODE_GET_SCHEDULE_
>> PLAN_RES?CODEC
            XDATA   3AB4H     0006H     UNIT         ?XD?_ENCODE_SET_SPECIAL_D
>> AY_TABLE_REQ?CODEC
            XDATA   3ABAH     0006H     UNIT         ?XD?_ENCODE_SET_MULTIPLE_
>> SCHEDULE_CONTROL_PARAM_REQ?CODEC
            XDATA   3AC0H     0006H     UNIT         ?XD?_ENCODE_SET_CORDLESS_
>> COORDINATE_CONTROL_PARAM_REQ?CODEC
            XDATA   3AC6H     0006H     UNIT         ?XD?_ENCODE_SET_CURRENT_C
>> ONTROL_MODE_REQ?CODEC
            XDATA   3ACCH     0006H     UNIT         ?XD?_DECODE_SYSTEM_TIME?C
>> ODEC
            XDATA   3AD2H     0006H     UNIT         ?XD?_DECODE_SYSTEM_PARAM?
>> CODEC
            XDATA   3AD8H     0006H     UNIT         ?XD?_DECODE_GET_LAMP_GROU
>> P_SETTING_RES?CODEC
            XDATA   3ADEH     0006H     UNIT         ?XD?_DECODE_GET_SPECIAL_D
BL51 BANKED LINKER/LOCATER V5.03            04/25/2008  09:48:59  PAGE 4


>> AY_TABLE_RES?CODEC
            XDATA   3AE4H     0006H     UNIT         ?XD?_DECODE_GET_COMM_PARA
>> M_RES?CODEC
            XDATA   3AEAH     0006H     UNIT         ?XD?_DECODE_GET_MULTIPLE_
>> SCHEDULE_CONTROL_PARAM_RES?CODEC
            XDATA   3AF0H     0006H     UNIT         ?XD?_DECODE_GET_ACTUATE_C
>> ONTROL_PARAM_RES?CODEC
            XDATA   3AF6H     0006H     UNIT         ?XD?_ENCODE_SET_ACTUATE_C
>> ONTROL_PARAM_REQ?CODEC
            XDATA   3AFCH     0006H     UNIT         ?XD?_DECODE_GET_CORDLESS_
>> COORDINATE_CONTROL_PARAM_RES?CODEC
            XDATA   3B02H     0006H     UNIT         ?XD?_DECODE_GET_CURRENT_C
>> ONTROL_MODE_RES?CODEC
            XDATA   3B08H     0006H     UNIT         ?XD?_DECODE_GET_MACHINE_S
>> TATUS_RES?CODEC
            XDATA   3B0EH     0006H     UNIT         ?XD?_ENCODE_DO_LAMP_STATU
>> S_REQ?CODEC
            XDATA   3B14H     0006H     UNIT         ?XD?_DECODE_DO_LAMP_STATU
>> S_REQ?CODEC
            XDATA   3B1AH     0006H     UNIT         ?XD?_DECODE_GET_DETECTOR_
>> COUNTER_RES?CODEC
            XDATA   3B20H     0006H     UNIT         ?XD?_DECODE_GET_DETECTOR_
>> STATUS_RES?CODEC
            XDATA   3B26H     0006H     UNIT         ?XD?_DECODE_GET_LAMP_HEAL
>> TH_RES?CODEC
            XDATA   3B2CH     0006H     UNIT         ?XD?_DECODE_GET_DETECTOR_
>> HEALTH_RES?CODEC
            XDATA   3B32H     0006H     UNIT         ?XD?_DECODE_GET_VOLUME_OC
>> CUPY_RES?CODEC
            XDATA   3B38H     0006H     UNIT         ?XD?_DEL_SET?DETECTOR_SET
>> 
            XDATA   3B3EH     0005H     UNIT         ?XD?_LAMP_GROUP_SETTING_G
>> ET_LAMP_GROUP_COUNT?DATASTRUCT
            XDATA   3B43H     0005H     UNIT         ?XD?_PHASE_GET_OUTPUT?DAT
>> ASTRUCT
            XDATA   3B48H     0005H     UNIT         ?XD?_LAMP_HEALTH_GET_HEAL
>> TH?DATASTRUCT
            XDATA   3B4DH     0005H     UNIT         ?XD?_DETECTOR_HEALTH_GET_
>> HEALTH?DATASTRUCT
            XDATA   3B52H     0005H     UNIT         ?XD?_DETECTOR_STATUS_GET_
>> STATUS?DATASTRUCT
            XDATA   3B57H     0005H     UNIT         ?XD?_ENCODE_GET_PHASE_PLA
>> N_REQ?CODEC
            XDATA   3B5CH     0004H     UNIT         ?XD?_DO_WAIT?KERNEL
            XDATA   3B60H     0003H     UNIT         ?XD?CORDLESS_COORDINATE_C
>> ONTROL
            XDATA   3B63H     0003H     UNIT         ?XD?_ENCODE_GET_TIMMING_P
>> LAN_REQ?CODEC
            XDATA   3B66H     0003H     UNIT         ?XD?_ENCODE_GET_SCHEDULE_
>> PLAN_REQ?CODEC
            XDATA   3B69H     0003H     UNIT         ?XD?_ENCODE_GET_COMM_PARA
>> M_REQ?CODEC
            XDATA   3B6CH     0003H     UNIT         ?XD?_HANDLE_DO_LAMP_STATU
>> S?COMMAND_REACTOR
            XDATA   3B6FH     0003H     UNIT         ?XD?SAVE_ERR?SMBUS
            XDATA   3B72H     0003H     UNIT         ?XD?_CPLD_FIFO_IS_WILL_FU
>> LL?CPLD_FIFO
            XDATA   3B75H     0002H     UNIT         ?XD?MULTIPLE_SCHEDULE_CON
>> TROL
            XDATA   3B77H     0002H     UNIT         ?XD?EXECUTIVE_MACHINE_CON
>> TROL
            XDATA   3B79H     0001H     UNIT         ?XD?MANUAL_CONTROL

            * * * * * * *   C O D E   M E M O R Y   * * * * * * *
            CODE    0000H     0003H     ABSOLUTE     
BL51 BANKED LINKER/LOCATER V5.03            04/25/2008  09:48:59  PAGE 5


            CODE    0003H     0003H     ABSOLUTE     
            CODE    0006H     001DH     UNIT         ?PR?_FRAME_GET_DATA_LEN?C
>> ODEC
            CODE    0023H     0003H     ABSOLUTE     
            CODE    0026H     0015H     UNIT         ?PR?_HANDLE_DO_STEP_FORWA
>> RD?COMMAND_REACTOR
            CODE    003BH     0003H     ABSOLUTE     
            CODE    003EH     0005H     UNIT         ?PR?_GET_RESPONSE_CMD?COD
>> EC
            CODE    0043H     0003H     ABSOLUTE     
            CODE    0046H     002DH     UNIT         ?CO?ISR_SMBUS
            CODE    0073H     0003H     ABSOLUTE     
            CODE    0076H     0005H     UNIT         ?PR?SAVE_CONTROL_MODE_SEL
>> ECTION?SMBUS
            CODE    007BH     0003H     ABSOLUTE     
            CODE    007EH     0013H     UNIT         ?PR?_INIT_KEY_BUFFER?KEY_
>> BUFFER
                    0091H     0002H                  *** GAP ***
            CODE    0093H     0003H     ABSOLUTE     
            CODE    0096H     000DH     UNIT         ?PR?_EMPTY_SET?DETECTOR_S
>> ET
            CODE    00A3H     0003H     ABSOLUTE     
            CODE    00A6H     0606H     UNIT         ?C?LIB_CODE
            CODE    06ACH     04A8H     UNIT         ?PR?GET_LAMP_HEALTH_STATU
>> S?MCU
            CODE    0B54H     0426H     UNIT         ?PR?_HANDLE_GET_MACHINE_S
>> TATUS?COMMAND_REACTOR
            CODE    0F7AH     03FCH     UNIT         ?PR?FUN_SMBUS?SMBUS
            CODE    1376H     03C3H     UNIT         ?PR?DECODE_KEY?MCU
            CODE    1739H     0365H     UNIT         ?PR?PRINTF?PRINTF
            CODE    1A9EH     031FH     UNIT         ?PR?_SIMPLE_HALF_ACTUATE_
>> CONTROL?ACTUATE_CONTROL
            CODE    1DBDH     0302H     UNIT         ?PR?_SIMPLE_FULL_ACTUATE_
>> CONTROL?ACTUATE_CONTROL
            CODE    20BFH     02EFH     UNIT         ?PR?_READ_FRAME?CODEC
            CODE    23AEH     02ECH     UNIT         ?PR?_INIT_SPECIAL_SCHEDUL
>> E_DATA?KERNEL
            CODE    269AH     027DH     UNIT         ?PR?_GET_CURRENT_SCHEDULE
>> ?KERNEL
            CODE    2917H     0264H     UNIT         ?PR?_CORDLESS_COORDINATE_
>> CONTROL?CORDLESS_COORDINATE_CONTROL
            CODE    2B7BH     0243H     UNIT         ?PR?_SET_PHASE_STATE?KERN
>> EL
            CODE    2DBEH     023BH     UNIT         ?PR?_WRITE_COMM?MCU
            CODE    2FF9H     0207H     UNIT         ?PR?INITIALIZE?MCU
            CODE    3200H     01D1H     UNIT         ?PR?_SET_TERM_STATUS?MCU
            CODE    33D1H     01C6H     UNIT         ?PR?SMBUS_ISR?ISR_SMBUS
            CODE    3597H     01C2H     UNIT         ?PR?_WRITE_FRAME?CODEC
            CODE    3759H     01BEH     UNIT         ?PR?CONTROLLER_MAIN?KERNE
>> L
            CODE    3917H     01B7H     UNIT         ?PR?_OPEN_COMM?MCU
            CODE    3ACEH     0188H     UNIT         ?PR?TIMER3_ISR?ISR_TIMER3
>> 
            CODE    3C56H     016DH     UNIT         ?PR?SCANKEY?MCU
            CODE    3DC3H     0141H     UNIT         ?PR?_GREEN_CONFLICT_SET_C
>> ONFLICT?DATASTRUCT
            CODE    3F04H     0131H     UNIT         ?PR?WAIT_FOR_100MS?MCU
            CODE    4035H     012EH     UNIT         ?PR?_MULTIPLE_SCHEDULE_CO
>> NTROL?MULTIPLE_SCHEDULE_CONTROL
            CODE    4163H     011EH     UNIT         ?PR?_HANDLE_GET_PHASE_PLA
>> N?COMMAND_REACTOR
            CODE    4281H     011BH     UNIT         ?PR?JUDGE_DETECTOR?MCU
            CODE    439CH     0117H     UNIT         ?PR?_GREEN_CONFLICT_IS_CO
>> NFLICT?DATASTRUCT
            CODE    44B3H     00FEH     UNIT         ?PR?UART0_ISR?ISR_UART
BL51 BANKED LINKER/LOCATER V5.03            04/25/2008  09:48:59  PAGE 6


            CODE    45B1H     00F6H     UNIT         ?PR?INT0_ISR?ISR_INT0
            CODE    46A7H     00EDH     UNIT         ?PR?INT6_ISR?ISR_INT0
            CODE    4794H     00E9H     UNIT         ?PR?_READ_BYTE?CODEC
            CODE    487DH     00E7H     UNIT         ?PR?_DO_SCHEDULE?KERNEL
            CODE    4964H     00E6H     UNIT         ?PR?IS_TODAY_SPECIAL_DAY?
>> KERNEL
            CODE    4A4AH     00E1H     UNIT         ?PR?SAVE_ERR?SMBUS
            CODE    4B2BH     00D7H     UNIT         ?PR?FUN_WRITE_EEPROM?SMBU
>> S
            CODE    4C02H     00D0H     UNIT         ?PR?_LAMP_GROUP_SETTING_G
>> ET_TERMINAL?DATASTRUCT
            CODE    4CD2H     00C6H     UNIT         ?PR?_IS_PHASE_GREEN_CONFL
>> ICT?DATASTRUCT
            CODE    4D98H     00C6H     UNIT         ?PR?_HANDLE_SET_PHASE_PLA
>> N?COMMAND_REACTOR
            CODE    4E5EH     00C4H     UNIT         ?PR?_SET_LAMP_STATE?KERNE
>> L
            CODE    4F22H     00C3H     UNIT         ?PR?_MANUAL_CONTROL?MANUA
>> L_CONTROL
            CODE    4FE5H     00C3H     UNIT         ?PR?_READ_COMM?MCU
            CODE    50A8H     00C2H     UNIT         ?PR?_HANDLE_GET_TIMMING_P
>> LAN?COMMAND_REACTOR
            CODE    516AH     00C0H     UNIT         ?PR?_HANDLE_GET_COMM_PARA
>> M?COMMAND_REACTOR
            CODE    522AH     00BFH     UNIT         ?PR?GET_SYSTEM_TIME?SMBUS
>> 
            CODE    52E9H     00BDH     UNIT         ?PR?_DECODE_SET_PHASE_PLA
>> N_REQ?CODEC
            CODE    53A6H     00BCH     UNIT         ?PR?_SET_SYSTEM_TIME?SMBU
>> S
            CODE    5462H     00BAH     UNIT         ?PR?_GET_BIT_VALUE?UTIL
            CODE    551CH     00B5H     UNIT         ?PR?_EXECUTIVE_MACHINE_CO
>> NTROL?EXECUTIVE_MACHINE_CONTROL
            CODE    55D1H     00AEH     UNIT         ?PR?_REACTOR_HANDLE_COMMA
>> ND?COMMAND_REACTOR
            CODE    567FH     00A6H     UNIT         ?PR?_IS_IN_SET?DETECTOR_S
>> ET
            CODE    5725H     00A5H     UNIT         ?PR?_ENCODE_SET_PHASE_PLA
>> N_REQ?CODEC
            CODE    57CAH     00A4H     UNIT         ?PR?UART1_ISR?ISR_UART
            CODE    586EH     00A1H     UNIT         ?PR?_COMPUTE_CHECKSUM?COD
>> EC
            CODE    590FH     00A1H     UNIT         ?PR?_DEL_SET?DETECTOR_SET
>> 
            CODE    59B0H     00A0H     UNIT         ?PR?_ADD_SET?DETECTOR_SET
>> 
            CODE    5A50H     009FH     UNIT         ?PR?_HANDLE_SET_TIMMING_P
>> LAN?COMMAND_REACTOR
            CODE    5AEFH     009FH     UNIT         ?PR?_HANDLE_SET_COMM_PARA
>> M?COMMAND_REACTOR
            CODE    5B8EH     009DH     UNIT         ?PR?_HANDLE_GET_SCHEDULE_
>> PLAN?COMMAND_REACTOR
            CODE    5C2BH     009BH     UNIT         ?PR?_GET_CONTROL_MODE?KER
>> NEL
            CODE    5CC6H     009BH     UNIT         ?PR?_GET_BACKUP_CONTROL_M
>> ODE?KERNEL
            CODE    5D61H     009AH     UNIT         ?PR?_LOAD_CURRENT_SCHEDUL
>> E?KERNEL
            CODE    5DFBH     009AH     UNIT         ?PR?_HANDLE_GET_SYSTEM_TI
>> ME?COMMAND_REACTOR
            CODE    5E95H     0098H     UNIT         ?CO?COMMAND_REACTOR
            CODE    5F2DH     0098H     UNIT         ?PR?GET_SAVE_PHASE_PLAN?S
>> MBUS
            CODE    5FC5H     0097H     UNIT         ?PR?_PHASE_SET_OUTPUT?DAT
>> ASTRUCT
BL51 BANKED LINKER/LOCATER V5.03            04/25/2008  09:48:59  PAGE 7


            CODE    605CH     0096H     UNIT         ?PR?_LAMP_HEALTH_SET_HEAL
>> TH?DATASTRUCT
            CODE    60F2H     0096H     UNIT         ?PR?_DETECTOR_HEALTH_SET_
>> HEALTH?DATASTRUCT
            CODE    6188H     0096H     UNIT         ?PR?_DETECTOR_STATUS_SET_
>> STATUS?DATASTRUCT
            CODE    621EH     0096H     UNIT         ?PR?_GET_CYCLE?CORDLESS_C
>> OORDINATE_CONTROL
            CODE    62B4H     0095H     UNIT         ?PR?_SWITCHING_WITH_YELLO
>> W_FLASH_ALL_RED?KERNEL
            CODE    6349H     0091H     UNIT         ?PR?_HANDLE_GET_KEY_VAL?C
>> OMMAND_REACTOR
            CODE    63DAH     008CH     UNIT         ?PR?CONFLICT_DETECT?MCU
            CODE    6466H     008CH     UNIT         ?C_C51STARTUP
            CODE    64F2H     008AH     UNIT         ?PR?_FIND_LAMP_GROUP?KERN
>> EL
            CODE    657CH     0085H     UNIT         ?PR?SET_PHASE_TIME?KERNEL
>> 
            CODE    6601H     0085H     UNIT         ?PR?REFRASH_LAMP?MCU
            CODE    6686H     0084H     UNIT         ?PR?MANUAL_LOAD_MULTIPLE_
>> SCHEDULE?MANUAL_CONTROL
            CODE    670AH     007EH     UNIT         ?PR?_GET_MODE?KERNEL
            CODE    6788H     007CH     UNIT         ?PR?_FRONT_PANEL_DIS?MCU
            CODE    6804H     007CH     UNIT         ?PR?_DECODE_TERM_STATUS?U
>> TIL
            CODE    6880H     007AH     UNIT         ?PR?_HANDLE_SET_SCHEDULE_
>> PLAN?COMMAND_REACTOR
            CODE    68FAH     0078H     UNIT         ?PR?ADC0WIN_ISR?ISR_ADC0
            CODE    6972H     0077H     UNIT         ?PR?_GET_PHASE_DETECTOR?U
>> TIL
            CODE    69E9H     0076H     UNIT         ?PR?_HANDLE_MCU_SEND_KEY?
>> COMMAND_REACTOR
            CODE    6A5FH     0076H     UNIT         ?PR?ADC0_ISR?ISR_ADC0
            CODE    6AD5H     0076H     UNIT         ?PR?_CPLD_FIFO_READ?CPLD_
>> FIFO
            CODE    6B4BH     0076H     UNIT         ?PR?_CPLD_FIFO_WRITE?CPLD
>> _FIFO
            CODE    6BC1H     0073H     UNIT         ?PR?_IN_GETCHAR?MCU
            CODE    6C34H     0073H     UNIT         ?PR?_OUT_GETCHAR?MCU
            CODE    6CA7H     0073H     UNIT         ?PR?_INIT_FRAME?CODEC
            CODE    6D1AH     0072H     UNIT         ?PR?_FRAME_SET_DATA_LEN?C
>> ODEC
            CODE    6D8CH     0071H     UNIT         ?PR?_PHASE_GET_OUTPUT?DAT
>> ASTRUCT
            CODE    6DFDH     0071H     UNIT         ?PR?_HANDLE_GET_GREEN_CON
>> FLICT?COMMAND_REACTOR
            CODE    6E6EH     006DH     UNIT         ?PR?_INIT_COMMAND_REACTOR
>> ?COMMAND_REACTOR
            CODE    6EDBH     006BH     UNIT         ?PR?_GET_DETECTOR_COUNTER
>> ?MCU
            CODE    6F46H     006BH     UNIT         ?PR?_DECODE_GET_PHASE_PLA
>> N_RES?CODEC
            CODE    6FB1H     006BH     UNIT         ?PR?_DECODE_SET_TIMMING_P
>> LAN_REQ?CODEC
            CODE    701CH     006BH     UNIT         ?PR?_DECODE_SET_SCHEDULE_
>> PLAN_REQ?CODEC
            CODE    7087H     006BH     UNIT         ?PR?_DECODE_SET_COMM_PARA
>> M_REQ?CODEC
            CODE    70F2H     006AH     UNIT         ?PR?_LAMP_HEALTH_GET_HEAL
>> TH?DATASTRUCT
            CODE    715CH     006AH     UNIT         ?PR?_DETECTOR_HEALTH_GET_
>> HEALTH?DATASTRUCT
            CODE    71C6H     006AH     UNIT         ?PR?_DETECTOR_STATUS_GET_
>> STATUS?DATASTRUCT
            CODE    7230H     006AH     UNIT         ?PR?_IN_PUTCHAR?MCU
BL51 BANKED LINKER/LOCATER V5.03            04/25/2008  09:48:59  PAGE 8


            CODE    729AH     006AH     UNIT         ?PR?_OUT_PUTCHAR?MCU
            CODE    7304H     0069H     UNIT         ?PR?_LAMP_GROUP_SETTING_G
>> ET_LAMP_GROUP_COUNT?DATASTRUCT
            CODE    736DH     0067H     UNIT         ?PR?SET_CURRENT_STAGE?KER
>> NEL
            CODE    73D4H     0067H     UNIT         ?PR?_GET_LAMP_GROUP_DETEC
>> TOR?UTIL
            CODE    743BH     0066H     UNIT         ?PR?_IS_SCHEDULE_VALID?KE
>> RNEL
            CODE    74A1H     0064H     UNIT         ?CO?DETECTOR_SET
            CODE    7505H     0063H     UNIT         ?PR?INIT_GM8125?MCU
            CODE    7568H     0063H     UNIT         ?PR?_HANDLE_GET_DETECTOR_
>> COUNTER?COMMAND_REACTOR
            CODE    75CBH     0063H     UNIT         ?PR?_HANDLE_GET_DETECTOR_
>> STATUS?COMMAND_REACTOR
            CODE    762EH     0063H     UNIT         ?PR?_HANDLE_GET_DETECTOR_
>> HEALTH?COMMAND_REACTOR
            CODE    7691H     0063H     UNIT         ?PR?_HANDLE_GET_LAMP_HEAL
>> TH?COMMAND_REACTOR
            CODE    76F4H     0062H     UNIT         ?PR?_ENCODE_GET_PHASE_PLA
>> N_RES?CODEC
            CODE    7756H     0062H     UNIT         ?PR?_ENCODE_SET_TIMMING_P
>> LAN_REQ?CODEC
            CODE    77B8H     0062H     UNIT         ?PR?_ENCODE_SET_SCHEDULE_
>> PLAN_REQ?CODEC
            CODE    781AH     0062H     UNIT         ?PR?_ENCODE_SET_COMM_PARA
>> M_REQ?CODEC
            CODE    787CH     005EH     UNIT         ?PR?SET_INIT_STATE?KERNEL
>> 
            CODE    78DAH     005EH     UNIT         ?PR?_DECODE_GET_PHASE_PLA
>> N_REQ?CODEC
            CODE    7938H     005EH     UNIT         ?PR?_GET_BUFFER_KEY?KEY_B
>> UFFER
            CODE    7996H     005AH     UNIT         ?PR?_HANDLE_GET_SYSTEM_PA
>> RAM?COMMAND_REACTOR
            CODE    79F0H     005AH     UNIT         ?PR?_HANDLE_GET_LAMP_GROU
>> P_SETTING?COMMAND_REACTOR
            CODE    7A4AH     005AH     UNIT         ?PR?_HANDLE_GET_DETECTOR_
>> SETTING?COMMAND_REACTOR
            CODE    7AA4H     005AH     UNIT         ?PR?_HANDLE_GET_SPECIAL_D
>> AY_TABLE?COMMAND_REACTOR
            CODE    7AFEH     005AH     UNIT         ?PR?_HANDLE_GET_CURRENT_C
>> ONTROL_MODE?COMMAND_REACTOR
            CODE    7B58H     005AH     UNIT         ?PR?_HANDLE_GET_MULTIPLE_
>> SCHEDULE_CONTROL_PARAM?COMMAND_REACTOR
            CODE    7BB2H     005AH     UNIT         ?PR?_HANDLE_GET_VOLUME_OC
>> CUPY?COMMAND_REACTOR
            CODE    7C0CH     005AH     UNIT         ?PR?_HANDLE_GET_ACTUATE_C
>> ONTROL_PARAM?COMMAND_REACTOR
            CODE    7C66H     005AH     UNIT         ?PR?_HANDLE_GET_CORDLESS_
>> COORDINATE_CONTROL_PARAM?COMMAND_REACTOR
            CODE    7CC0H     0059H     UNIT         ?PR?_CPLD_FIFO_GETCHAR?CP
>> LD_FIFO
            CODE    7D19H     0055H     UNIT         ?PR?IS_PHASE_STEP?ACTUATE
>> _CONTROL
            CODE    7D6EH     0054H     UNIT         ?PR?_PUT_BUFFER_KEY?KEY_B
>> UFFER
            CODE    7DC2H     0052H     UNIT         ?PR?_FIND_HANDLER?COMMAND
>> _REACTOR
            CODE    7E14H     0050H     UNIT         ?PR?_ENCODE_GET_PHASE_PLA
>> N_REQ?CODEC
            CODE    7E64H     004FH     UNIT         ?PR?MANUAL_CHANGE_STEP_DI
>> SPOSE?MANUAL_CONTROL
            CODE    7EB3H     004DH     UNIT         ?PR?_DO_WAIT?KERNEL
            CODE    7F00H     004CH     UNIT         ?PR?_CPLD_FIFO_PUTCHAR?CP
BL51 BANKED LINKER/LOCATER V5.03            04/25/2008  09:48:59  PAGE 9


>> LD_FIFO
            CODE    7F4CH     004BH     UNIT         ?PR?_IS_OUT_FULL?MCU
            CODE    7F97H     004BH     UNIT         ?PR?_HANDLE_SET_SYSTEM_TI
>> ME?COMMAND_REACTOR
            CODE    7FE2H     0049H     UNIT         ?PR?PHASE_COUNT?ACTUATE_C
>> ONTROL
            CODE    802BH     0049H     UNIT         ?PR?_FILL_OK_RESPONSE?COM
>> MAND_REACTOR
            CODE    8074H     0048H     UNIT         ?PR?_COMPUTE_BUFFER_CHECK
>> SUM?CODEC
            CODE    80BCH     0048H     UNIT         ?PR?_HANDLE_SET_MULTIPLE_
>> SCHEDULE_CONTROL_PARAM?COMMAND_REACTOR
            CODE    8104H     0047H     UNIT         ?PR?FUN_WRITE_RTC?SMBUS
            CODE    814BH     0045H     UNIT         ?PR?_CPLD_FIFO_CAPACITY?C
>> PLD_FIFO
            CODE    8190H     0044H     UNIT         ?C?LDIV
            CODE    81D4H     0041H     UNIT         ?PR?_GET_DETECTOR_STATUS?
>> MCU
            CODE    8215H     0040H     UNIT         ?PR?_ENCODE_GET_SYSTEM_PA
>> RAM_RES?CODEC
            CODE    8255H     0040H     UNIT         ?PR?_ENCODE_SET_LAMP_GROU
>> P_SETTING_REQ?CODEC
            CODE    8295H     0040H     UNIT         ?PR?_ENCODE_SET_DETECTOR_
>> SETTING_REQ?CODEC
            CODE    82D5H     0040H     UNIT         ?PR?_ENCODE_GET_DETECTOR_
>> SETTING_RES?CODEC
            CODE    8315H     0040H     UNIT         ?PR?_ENCODE_GET_TIMMING_P
>> LAN_RES?CODEC
            CODE    8355H     0040H     UNIT         ?PR?_ENCODE_GET_SCHEDULE_
>> PLAN_RES?CODEC
            CODE    8395H     0040H     UNIT         ?PR?_ENCODE_SET_SPECIAL_D
>> AY_TABLE_REQ?CODEC
            CODE    83D5H     0040H     UNIT         ?PR?_ENCODE_SET_MULTIPLE_
>> SCHEDULE_CONTROL_PARAM_REQ?CODEC
            CODE    8415H     0040H     UNIT         ?PR?_ENCODE_SET_CORDLESS_
>> COORDINATE_CONTROL_PARAM_REQ?CODEC
            CODE    8455H     0040H     UNIT         ?PR?_ENCODE_SET_CURRENT_C
>> ONTROL_MODE_REQ?CODEC
            CODE    8495H     0040H     UNIT         ?PR?_ENCODE_GET_LAMP_GROU
>> P_SETTING_RES?CODEC
            CODE    84D5H     0040H     UNIT         ?PR?_ENCODE_GET_SPECIAL_D
>> AY_TABLE_RES?CODEC
            CODE    8515H     0040H     UNIT         ?PR?_ENCODE_GET_MULTIPLE_
>> SCHEDULE_CONTROL_PARAM_RES?CODEC
            CODE    8555H     0040H     UNIT         ?PR?_ENCODE_GET_CORDLESS_
>> COORDINATE_CONTROL_PARAM_RES?CODEC
            CODE    8595H     0040H     UNIT         ?PR?_ENCODE_GET_CURRENT_C
>> ONTROL_MODE_RES?CODEC
            CODE    85D5H     0040H     UNIT         ?PR?_ENCODE_GET_MACHINE_S
>> TATUS_RES?CODEC
            CODE    8615H     0040H     UNIT         ?PR?_ENCODE_DO_LAMP_STATU
>> S_REQ?CODEC
            CODE    8655H     0040H     UNIT         ?PR?_ENCODE_GET_DETECTOR_
>> COUNTER_RES?CODEC
            CODE    8695H     0040H     UNIT         ?PR?_ENCODE_GET_DETECTOR_
>> STATUS_RES?CODEC
            CODE    86D5H     0040H     UNIT         ?PR?_ENCODE_GET_LAMP_HEAL
>> TH_RES?CODEC
            CODE    8715H     0040H     UNIT         ?PR?_ENCODE_GET_DETECTOR_
>> HEALTH_RES?CODEC
            CODE    8755H     0040H     UNIT         ?PR?_ENCODE_GET_VOLUME_OC
>> CUPY_RES?CODEC
            CODE    8795H     003FH     UNIT         ?PR?_ACTUATE_CONTROL?ACTU
>> ATE_CONTROL
            CODE    87D4H     003FH     UNIT         ?PR?_HANDLE_DO_LAMP_STATU
BL51 BANKED LINKER/LOCATER V5.03            04/25/2008  09:48:59  PAGE 10


>> S?COMMAND_REACTOR
            CODE    8813H     003EH     UNIT         ?PR?_ALL_OFF_CONTROL?KERN
>> EL
            CODE    8851H     003DH     UNIT         ?PR?_IS_BUFFER_FULL?KEY_B
>> UFFER
            CODE    888EH     003DH     UNIT         ?PR?_CPLD_FIFO_IS_WILL_FU
>> LL?CPLD_FIFO
            CODE    88CBH     003DH     UNIT         ?PR?_CPLD_FIFO_IS_FULL?CP
>> LD_FIFO
            CODE    8908H     003CH     UNIT         ?PR?_DECODE_SET_SYSTEM_TI
>> ME_REQ?CODEC
            CODE    8944H     003CH     UNIT         ?PR?_DECODE_GET_SYSTEM_TI
>> ME_RES?CODEC
            CODE    8980H     003CH     UNIT         ?PR?_DECODE_SET_SYSTEM_PA
>> RAM_REQ?CODEC
            CODE    89BCH     003CH     UNIT         ?PR?_DECODE_GET_SYSTEM_PA
>> RAM_RES?CODEC
            CODE    89F8H     003CH     UNIT         ?PR?_DECODE_SET_LAMP_GROU
>> P_SETTING_REQ?CODEC
            CODE    8A34H     003CH     UNIT         ?PR?_DECODE_SET_DETECTOR_
>> SETTING_REQ?CODEC
            CODE    8A70H     003CH     UNIT         ?PR?_DECODE_GET_DETECTOR_
>> SETTING_RES?CODEC
            CODE    8AACH     003CH     UNIT         ?PR?_DECODE_GET_TIMMING_P
>> LAN_RES?CODEC
            CODE    8AE8H     003CH     UNIT         ?PR?_DECODE_GET_SCHEDULE_
>> PLAN_RES?CODEC
            CODE    8B24H     003CH     UNIT         ?PR?_DECODE_SET_SPECIAL_D
>> AY_TABLE_REQ?CODEC
            CODE    8B60H     003CH     UNIT         ?PR?_DECODE_SET_MULTIPLE_
>> SCHEDULE_CONTROL_PARAM_REQ?CODEC
            CODE    8B9CH     003CH     UNIT         ?PR?_DECODE_SET_CORDLESS_
>> COORDINATE_CONTROL_PARAM_REQ?CODEC
            CODE    8BD8H     003CH     UNIT         ?PR?_DECODE_SET_CURRENT_C
>> ONTROL_MODE_REQ?CODEC
            CODE    8C14H     003CH     UNIT         ?PR?_DECODE_SYSTEM_TIME?C
>> ODEC
            CODE    8C50H     003CH     UNIT         ?PR?_DECODE_SYSTEM_PARAM?
>> CODEC
            CODE    8C8CH     003CH     UNIT         ?PR?_DECODE_GET_LAMP_GROU
>> P_SETTING_RES?CODEC
            CODE    8CC8H     003CH     UNIT         ?PR?_DECODE_GET_SPECIAL_D
>> AY_TABLE_RES?CODEC
            CODE    8D04H     003CH     UNIT         ?PR?_DECODE_GET_COMM_PARA
>> M_RES?CODEC
            CODE    8D40H     003CH     UNIT         ?PR?_DECODE_GET_MULTIPLE_
>> SCHEDULE_CONTROL_PARAM_RES?CODEC
            CODE    8D7CH     003CH     UNIT         ?PR?_DECODE_GET_ACTUATE_C
>> ONTROL_PARAM_RES?CODEC
            CODE    8DB8H     003CH     UNIT         ?PR?_DECODE_SET_ACTUATE_C
>> ONTROL_PARAM_REQ?CODEC
            CODE    8DF4H     003CH     UNIT         ?PR?_DECODE_GET_CORDLESS_
>> COORDINATE_CONTROL_PARAM_RES?CODEC
            CODE    8E30H     003CH     UNIT         ?PR?_DECODE_GET_CURRENT_C
>> ONTROL_MODE_RES?CODEC
            CODE    8E6CH     003CH     UNIT         ?PR?_DECODE_GET_MACHINE_S
>> TATUS_RES?CODEC
            CODE    8EA8H     003CH     UNIT         ?PR?_DECODE_DO_LAMP_STATU
>> S_REQ?CODEC
            CODE    8EE4H     003CH     UNIT         ?PR?_DECODE_GET_DETECTOR_
>> COUNTER_RES?CODEC
            CODE    8F20H     003CH     UNIT         ?PR?_DECODE_GET_DETECTOR_
>> STATUS_RES?CODEC
            CODE    8F5CH     003CH     UNIT         ?PR?_DECODE_GET_LAMP_HEAL
>> TH_RES?CODEC
BL51 BANKED LINKER/LOCATER V5.03            04/25/2008  09:48:59  PAGE 11


            CODE    8F98H     003CH     UNIT         ?PR?_DECODE_GET_DETECTOR_
>> HEALTH_RES?CODEC
            CODE    8FD4H     003CH     UNIT         ?PR?_DECODE_GET_VOLUME_OC
>> CUPY_RES?CODEC
            CODE    9010H     003CH     UNIT         ?PR?_HANDLE_SET_SYSTEM_PA
>> RAM?COMMAND_REACTOR
            CODE    904CH     003CH     UNIT         ?PR?_HANDLE_SET_LAMP_GROU
>> P_SETTING?COMMAND_REACTOR
            CODE    9088H     003CH     UNIT         ?PR?_HANDLE_SET_DETECTOR_
>> SETTING?COMMAND_REACTOR
            CODE    90C4H     003CH     UNIT         ?PR?_HANDLE_SET_SPECIAL_D
>> AY_TABLE?COMMAND_REACTOR
            CODE    9100H     003CH     UNIT         ?PR?_HANDLE_SET_CURRENT_C
>> ONTROL_MODE?COMMAND_REACTOR
            CODE    913CH     003CH     UNIT         ?PR?_HANDLE_SET_ACTUATE_C
>> ONTROL_PARAM?COMMAND_REACTOR
            CODE    9178H     003CH     UNIT         ?PR?_HANDLE_SET_CORDLESS_
>> COORDINATE_CONTROL_PARAM?COMMAND_REACTOR
            CODE    91B4H     003CH     UNIT         ?PR?_SAVE_PHASE_PLAN?SMBU
>> S
            CODE    91F0H     003AH     UNIT         ?PR?_YELLOW_FLASH_CONTROL
>> ?KERNEL
            CODE    922AH     003AH     UNIT         ?PR?_ALL_RED_CONTROL?KERN
>> EL
            CODE    9264H     003AH     UNIT         ?CO?MCU
            CODE    929EH     0039H     UNIT         ?PR?_SWITCHING_WITH_MULTI
>> PLE_SCHEDULE?KERNEL
            CODE    92D7H     0038H     UNIT         ?CO?KERNEL
            CODE    930FH     0038H     UNIT         ?PR?_IS_IN_EMPTY?MCU
            CODE    9347H     0038H     UNIT         ?PR?_IS_OUT_EMPTY?MCU
            CODE    937FH     0037H     UNIT         ?PR?_OUT_INIT?MCU
            CODE    93B6H     0036H     UNIT         ?PR?RUN_CURRENT_STEP?KERN
>> EL
            CODE    93ECH     0036H     UNIT         ?PR?_ENCODE_SET_SYSTEM_PA
>> RAM_REQ?CODEC
            CODE    9422H     0036H     UNIT         ?PR?_HANDLE_SET_GREEN_CON
>> FLICT?COMMAND_REACTOR
            CODE    9458H     0035H     UNIT         ?PR?GET_FRONT_PANEL_CONTR
>> OL_MODE?MCU
            CODE    948DH     0035H     UNIT         ?PR?_IS_TERM_CONNECT_TO_G
>> REEN?UTIL
            CODE    94C2H     0035H     UNIT         ?PR?_IS_TERM_CONNECT_TO_Y
>> ELLOW?UTIL
            CODE    94F7H     0034H     UNIT         ?PR?_ENCODE_SET_SYSTEM_TI
>> ME_REQ?CODEC
            CODE    952BH     0034H     UNIT         ?PR?_ENCODE_GET_SYSTEM_TI
>> ME_RES?CODEC
            CODE    955FH     0034H     UNIT         ?PR?_ENCODE_GET_COMM_PARA
>> M_RES?CODEC
            CODE    9593H     0034H     UNIT         ?PR?_ENCODE_GET_ACTUATE_C
>> ONTROL_PARAM_RES?CODEC
            CODE    95C7H     0034H     UNIT         ?PR?_ENCODE_SET_ACTUATE_C
>> ONTROL_PARAM_REQ?CODEC
            CODE    95FBH     0033H     UNIT         ?PR?_DECODE_GET_TIMMING_P
>> LAN_REQ?CODEC
            CODE    962EH     0033H     UNIT         ?PR?_DECODE_GET_SCHEDULE_
>> PLAN_REQ?CODEC
            CODE    9661H     0033H     UNIT         ?PR?_DECODE_GET_COMM_PARA
>> M_REQ?CODEC
            CODE    9694H     0031H     UNIT         ?PR?MAIN?MAIN
            CODE    96C5H     0030H     UNIT         ?PR?_ERR_DATA?SMBUS
            CODE    96F5H     002FH     UNIT         ?C_INITSEG
            CODE    9724H     002EH     UNIT         ?PR?_SM_SEND?SMBUS
            CODE    9752H     002BH     UNIT         ?PR?_DELAY_200US?MCU
            CODE    977DH     002BH     UNIT         ?PR?_ENCODE_GET_TIMMING_P
BL51 BANKED LINKER/LOCATER V5.03            04/25/2008  09:48:59  PAGE 12


>> LAN_REQ?CODEC
            CODE    97A8H     002BH     UNIT         ?PR?_ENCODE_GET_SCHEDULE_
>> PLAN_REQ?CODEC
            CODE    97D3H     002BH     UNIT         ?PR?_ENCODE_GET_COMM_PARA
>> M_REQ?CODEC
            CODE    97FEH     002AH     UNIT         ?PR?_SM_RECEIVE?SMBUS
            CODE    9828H     0029H     UNIT         ?PR?_GET_DETECTOR_HEALTH?
>> MCU
            CODE    9851H     0028H     UNIT         ?PR?IS_LAST_STEP?KERNEL
            CODE    9879H     0028H     UNIT         ?PR?_IN_INIT?MCU
            CODE    98A1H     0027H     UNIT         ?PR?PUTCHAR?PUTCHAR
            CODE    98C8H     0025H     UNIT         ?PR?_GET_LAMP_HEALTH?MCU
            CODE    98EDH     001FH     UNIT         ?PR?POWER_CHECK?MCU
            CODE    990CH     001EH     UNIT         ?PR?_FILL_ERROR_RESPONSE?
>> COMMAND_REACTOR
            CODE    992AH     001DH     UNIT         ?PR?_IS_BUFFER_EMPTY?KEY_
>> BUFFER
            CODE    9947H     001DH     UNIT         ?PR?_CPLD_FIFO_IS_EMPTY?C
>> PLD_FIFO
            CODE    9964H     001AH     UNIT         ?PR?MANUAL_STEP_DISPOSE?M
>> ANUAL_CONTROL
            CODE    997EH     001AH     UNIT         ?PR?_IS_CMD_RESPONSE_OK?C
>> ODEC
            CODE    9998H     0018H     UNIT         ?PR?IS_DOOR_ILLEGAL_OPEN?
>> MCU
            CODE    99B0H     0018H     UNIT         ?PR?_HANDLE_UNSUPPORT_COM
>> MAND?COMMAND_REACTOR
            CODE    99C8H     0012H     UNIT         ?PR?IS_STEP_END?KERNEL
            CODE    99DAH     000FH     UNIT         ?PR?IS_NEED_CHANGE_STAGE?
>> MCU
            CODE    99E9H     000FH     UNIT         ?PR?_CPLD_FIFO_INIT?CPLD_
>> FIFO
            CODE    99F8H     000EH     UNIT         ?PR?_HANDLE_DO_STEP_KEEP?
>> COMMAND_REACTOR
            CODE    9A06H     000CH     UNIT         ?PR?IS_MANUAL_CONTROL_STA
>> TE?MCU
            CODE    9A12H     000CH     UNIT         ?PR?IS_STEP_FORWARD_BUTTO
>> N_PRESSED?MCU
            CODE    9A1EH     000AH     UNIT         ?PR?_CLEAR_ERROR?ERROR_CO
>> DE
            CODE    9A28H     0009H     UNIT         ?PR?GET_TEMPERATURE?MCU
            CODE    9A31H     0008H     UNIT         ?PR?GET_MANUAL_NEXT_STAGE
>> _COUNT?MCU
            CODE    9A39H     0008H     UNIT         ?PR?_SAVE_TIMMING_PLAN?SM
>> BUS
            CODE    9A41H     0008H     UNIT         ?PR?_SAVE_SCHEDULE_PLAN?S
>> MBUS
            CODE    9A49H     0008H     UNIT         ?PR?_SAVE_COMM_PARAM?SMBU
>> S
            CODE    9A51H     0008H     UNIT         ?PR?LOAD_CONFIG_DATA?SMBU
>> S
            CODE    9A59H     0007H     UNIT         ?PR?GET_RUN_MODE?MCU
            CODE    9A60H     0007H     UNIT         ?PR?_SET_ERROR?ERROR_CODE
>> 
            CODE    9A67H     0006H     UNIT         ?PR?CLEAR_STEP_FORWARD_BU
>> TTON_STATE?MCU
            CODE    9A6DH     0006H     UNIT         ?PR?CLEAR_NEED_CHANGE_STA
>> GE_FLAG?MCU
            CODE    9A73H     0006H     UNIT         ?PR?SAVE_CONFIG_DATA?SMBU
>> S
            CODE    9A79H     0004H     UNIT         ?PR?_EMPTY_KEY_BUFFER?KEY
>> _BUFFER
            CODE    9A7DH     0003H     UNIT         ?PR?SAVE_SYSTEM_PARAM?SMB
>> US
            CODE    9A80H     0003H     UNIT         ?PR?SAVE_LAMP_GROUP_SETTI
BL51 BANKED LINKER/LOCATER V5.03            04/25/2008  09:48:59  PAGE 13


>> NG?SMBUS
            CODE    9A83H     0003H     UNIT         ?PR?SAVE_DETECTOR_SETTING
>> ?SMBUS
            CODE    9A86H     0003H     UNIT         ?PR?SAVE_SPECIAL_DAY?SMBU
>> S
            CODE    9A89H     0003H     UNIT         ?PR?SAVE_MULTIPLE_SCHEDUL
>> E_CONTROL_PARAM?SMBUS
            CODE    9A8CH     0003H     UNIT         ?PR?SAVE_ACTUATE_CONTROL_
>> PARAM?SMBUS
            CODE    9A8FH     0003H     UNIT         ?PR?SAVE_CORDLESS_COORDIN
>> ATE_CONTROL_PARAM?SMBUS
            CODE    9A92H     0003H     UNIT         ?PR?SAVE_GREEN_CONFLICT?S
>> MBUS



OVERLAY MAP OF MODULE:   E:\GXWORK\SIGNAL_MACHINE\OLD\SRC\CONTROL\DATASTRUCT (
>> DATASTRUCT)


SEGMENT                                             BIT_GROUP          DATA_GR
>> OUP          XDATA_GROUP
  +--> CALLED SEGMENT                            START    LENGTH     START    
>> LENGTH     START    LENGTH
------------------------------------------------------------------------------
>> --------------------------
?C_C51STARTUP                                    -----    -----      -----    
>> -----      -----    -----
  +--> ?PR?MAIN?MAIN
  +--> ?C_INITSEG

?PR?MAIN?MAIN                                    -----    -----      -----    
>> -----      3493H    0004H
  +--> ?PR?INITIALIZE?MCU
  +--> ?PR?CONTROLLER_MAIN?KERNEL

?PR?INITIALIZE?MCU                               -----    -----      002EH    
>> 0002H      3497H    0001H
  +--> ?PR?_DELAY_200US?MCU
  +--> ?PR?_SM_SEND?SMBUS
  +--> ?PR?_SM_RECEIVE?SMBUS
  +--> ?PR?LOAD_CONFIG_DATA?SMBUS
  +--> ?PR?WAIT_FOR_100MS?MCU
  +--> ?PR?INIT_GM8125?MCU

?PR?_SM_SEND?SMBUS                               002AH.5  0000H.1    -----    
>> -----      -----    -----

?PR?_SM_RECEIVE?SMBUS                            002AH.5  0000H.1    -----    
>> -----      -----    -----

?PR?WAIT_FOR_100MS?MCU                           -----    -----      0030H    
>> 0002H      -----    -----
  +--> ?PR?SCANKEY?MCU
  +--> ?PR?DECODE_KEY?MCU
  +--> ?PR?GET_SAVE_PHASE_PLAN?SMBUS
  +--> ?PR?FUN_SMBUS?SMBUS
  +--> ?PR?POWER_CHECK?MCU
  +--> ?PR?JUDGE_DETECTOR?MCU
  +--> ?PR?_FRONT_PANEL_DIS?MCU
  +--> ?PR?_REACTOR_HANDLE_COMMAND?COMMAND_R...
  +--> ?PR?GET_LAMP_HEALTH_STATUS?MCU
  +--> ?PR?CONFLICT_DETECT?MCU
  +--> ?PR?REFRASH_LAMP?MCU

BL51 BANKED LINKER/LOCATER V5.03            04/25/2008  09:48:59  PAGE 14


?PR?SCANKEY?MCU                                  -----    -----      -----    
>> -----      34A2H    0002H
  +--> ?CO?MCU

?PR?DECODE_KEY?MCU                               -----    -----      0032H    
>> 0001H      -----    -----
  +--> ?PR?SAVE_CONTROL_MODE_SELECTION?SMBUS

?PR?FUN_SMBUS?SMBUS                              -----    -----      -----    
>> -----      34A2H    0002H
  +--> ?PR?FUN_WRITE_RTC?SMBUS
  +--> ?PR?_SM_SEND?SMBUS
  +--> ?PR?FUN_WRITE_EEPROM?SMBUS
  +--> ?PR?_SM_RECEIVE?SMBUS
  +--> ?PR?GET_SYSTEM_TIME?SMBUS

?PR?FUN_WRITE_RTC?SMBUS                          -----    -----      -----    
>> -----      -----    -----
  +--> ?PR?_SM_SEND?SMBUS

?PR?FUN_WRITE_EEPROM?SMBUS                       -----    -----      -----    
>> -----      34A4H    0002H
  +--> ?PR?_SM_SEND?SMBUS

?PR?GET_SYSTEM_TIME?SMBUS                        -----    -----      -----    
>> -----      -----    -----
  +--> ?PR?_SM_RECEIVE?SMBUS

?PR?JUDGE_DETECTOR?MCU                           -----    -----      -----    
>> -----      34A2H    0023H
  +--> ?PR?_GET_DETECTOR_COUNTER?MCU
  +--> ?PR?_SET_ERROR?ERROR_CODE

?PR?_GET_DETECTOR_COUNTER?MCU                    -----    -----      0032H    
>> 0004H      3512H    0003H

?PR?_FRONT_PANEL_DIS?MCU                         -----    -----      0032H    
>> 0002H      -----    -----

?PR?_REACTOR_HANDLE_COMMAND?COMMAND_R...         -----    -----      -----    
>> -----      34A2H    000BH
  +--> ?PR?_READ_FRAME?CODEC
  +--> ?PR?_FIND_HANDLER?COMMAND_REACTOR
  +--> ?PR?_WRITE_FRAME?CODEC

?PR?_READ_FRAME?CODEC                            -----    -----      -----    
>> -----      34ADH    0009H
  +--> ?PR?_READ_BYTE?CODEC
  +--> ?PR?_COMPUTE_BUFFER_CHECKSUM?CODEC

?PR?_READ_BYTE?CODEC                             -----    -----      -----    
>> -----      34B6H    0108H
  +--> ?PR?_CPLD_FIFO_INIT?CPLD_FIFO
  +--> ?PR?_CPLD_FIFO_CAPACITY?CPLD_FIFO
  +--> ?PR?_READ_COMM?MCU
  +--> ?PR?_CPLD_FIFO_WRITE?CPLD_FIFO
  +--> ?PR?_CPLD_FIFO_READ?CPLD_FIFO

?PR?_READ_COMM?MCU                               -----    -----      -----    
>> -----      35BEH    000AH
  +--> ?PR?_IS_IN_EMPTY?MCU
  +--> ?PR?_IN_GETCHAR?MCU

?PR?_CPLD_FIFO_WRITE?CPLD_FIFO                   -----    -----      -----    
>> -----      35BEH    000AH
BL51 BANKED LINKER/LOCATER V5.03            04/25/2008  09:48:59  PAGE 15


  +--> ?PR?_CPLD_FIFO_IS_FULL?CPLD_FIFO
  +--> ?PR?_CPLD_FIFO_PUTCHAR?CPLD_FIFO

?PR?_CPLD_FIFO_IS_FULL?CPLD_FIFO                 -----    -----      -----    
>> -----      35C8H    0003H

?PR?_CPLD_FIFO_PUTCHAR?CPLD_FIFO                 -----    -----      -----    
>> -----      35C8H    0003H

?PR?_CPLD_FIFO_READ?CPLD_FIFO                    -----    -----      -----    
>> -----      35BEH    000AH
  +--> ?PR?_CPLD_FIFO_IS_EMPTY?CPLD_FIFO
  +--> ?PR?_CPLD_FIFO_GETCHAR?CPLD_FIFO

?PR?_CPLD_FIFO_GETCHAR?CPLD_FIFO                 -----    -----      -----    
>> -----      35C8H    0003H

?PR?_COMPUTE_BUFFER_CHECKSUM?CODEC               -----    -----      -----    
>> -----      34B6H    0005H

?PR?_FIND_HANDLER?COMMAND_REACTOR                -----    -----      -----    
>> -----      34ADH    0001H
  +--> ?CO?COMMAND_REACTOR
  +--> ?PR?_HANDLE_UNSUPPORT_COMMAND?COMMAND...

?CO?COMMAND_REACTOR                              -----    -----      -----    
>> -----      -----    -----
  +--> ?PR?_HANDLE_SET_SYSTEM_TIME?COMMAND_R...
  +--> ?PR?_HANDLE_SET_SYSTEM_PARAM?COMMAND_...
  +--> ?PR?_HANDLE_SET_LAMP_GROUP_SETTING?CO...
  +--> ?PR?_HANDLE_SET_DETECTOR_SETTING?COMM...
  +--> ?PR?_HANDLE_SET_PHASE_PLAN?COMMAND_RE...
  +--> ?PR?_HANDLE_SET_TIMMING_PLAN?COMMAND_...
  +--> ?PR?_HANDLE_SET_SCHEDULE_PLAN?COMMAND...
  +--> ?PR?_HANDLE_SET_SPECIAL_DAY_TABLE?COM...
  +--> ?PR?_HANDLE_SET_CURRENT_CONTROL_MODE?...
  +--> ?PR?_HANDLE_SET_MULTIPLE_SCHEDULE_CON...
  +--> ?PR?_HANDLE_SET_COMM_PARAM?COMMAND_RE...
  +--> ?PR?_HANDLE_SET_ACTUATE_CONTROL_PARAM...
  +--> ?PR?_HANDLE_SET_CORDLESS_COORDINATE_C...
  +--> ?PR?_HANDLE_GET_SYSTEM_TIME?COMMAND_R...
  +--> ?PR?_HANDLE_GET_SYSTEM_PARAM?COMMAND_...
  +--> ?PR?_HANDLE_GET_LAMP_GROUP_SETTING?CO...
  +--> ?PR?_HANDLE_GET_DETECTOR_SETTING?COMM...
  +--> ?PR?_HANDLE_GET_PHASE_PLAN?COMMAND_RE...
  +--> ?PR?_HANDLE_GET_TIMMING_PLAN?COMMAND_...
  +--> ?PR?_HANDLE_GET_SCHEDULE_PLAN?COMMAND...
  +--> ?PR?_HANDLE_GET_SPECIAL_DAY_TABLE?COM...
  +--> ?PR?_HANDLE_GET_MACHINE_STATUS?COMMAN...
  +--> ?PR?_HANDLE_GET_CURRENT_CONTROL_MODE?...
  +--> ?PR?_HANDLE_GET_MULTIPLE_SCHEDULE_CON...
  +--> ?PR?_HANDLE_GET_COMM_PARAM?COMMAND_RE...
  +--> ?PR?_HANDLE_GET_DETECTOR_COUNTER?COMM...
  +--> ?PR?_HANDLE_GET_DETECTOR_STATUS?COMMA...
  +--> ?PR?_HANDLE_GET_DETECTOR_HEALTH?COMMA...
  +--> ?PR?_HANDLE_GET_LAMP_HEALTH?COMMAND_R...
  +--> ?PR?_HANDLE_GET_VOLUME_OCCUPY?COMMAND...
  +--> ?PR?_HANDLE_GET_ACTUATE_CONTROL_PARAM...
  +--> ?PR?_HANDLE_GET_CORDLESS_COORDINATE_C...
  +--> ?PR?_HANDLE_DO_STEP_FORWARD?COMMAND_R...
  +--> ?PR?_HANDLE_DO_STEP_KEEP?COMMAND_REACTOR
  +--> ?PR?_HANDLE_MCU_SEND_KEY?COMMAND_REACTOR
  +--> ?PR?_HANDLE_GET_KEY_VAL?COMMAND_REACTOR
  +--> ?PR?_HANDLE_GET_GREEN_CONFLICT?COMMAN...
  +--> ?PR?_HANDLE_SET_GREEN_CONFLICT?COMMAN...
BL51 BANKED LINKER/LOCATER V5.03            04/25/2008  09:48:59  PAGE 16



?PR?_HANDLE_SET_SYSTEM_TIME?COMMAND_R...         -----    -----      -----    
>> -----      34AEH    000BH
  +--> ?PR?_DECODE_SET_SYSTEM_TIME_REQ?CODEC
  +--> ?PR?_SET_SYSTEM_TIME?SMBUS
  +--> ?PR?_FILL_OK_RESPONSE?COMMAND_REACTOR
  +--> ?PR?_FILL_ERROR_RESPONSE?COMMAND_REACTOR

?PR?_DECODE_SET_SYSTEM_TIME_REQ?CODEC            -----    -----      -----    
>> -----      34B9H    0006H

?PR?_FILL_OK_RESPONSE?COMMAND_REACTOR            -----    -----      -----    
>> -----      3514H    0003H
  +--> ?PR?_GET_RESPONSE_CMD?CODEC
  +--> ?PR?_FRAME_SET_DATA_LEN?CODEC

?PR?_FRAME_SET_DATA_LEN?CODEC                    -----    -----      -----    
>> -----      3518H    0003H

?PR?_FILL_ERROR_RESPONSE?COMMAND_REACTOR         -----    -----      -----    
>> -----      -----    -----
  +--> ?PR?_FRAME_SET_DATA_LEN?CODEC

?PR?_HANDLE_SET_SYSTEM_PARAM?COMMAND_...         -----    -----      -----    
>> -----      34AEH    0003H
  +--> ?PR?_DECODE_SET_SYSTEM_PARAM_REQ?CODEC
  +--> ?PR?SAVE_SYSTEM_PARAM?SMBUS
  +--> ?PR?_FILL_OK_RESPONSE?COMMAND_REACTOR

?PR?_DECODE_SET_SYSTEM_PARAM_REQ?CODEC           -----    -----      -----    
>> -----      34B1H    0006H

?PR?_HANDLE_SET_LAMP_GROUP_SETTING?CO...         -----    -----      -----    
>> -----      34AEH    0003H
  +--> ?PR?_DECODE_SET_LAMP_GROUP_SETTING_RE...
  +--> ?PR?SAVE_LAMP_GROUP_SETTING?SMBUS
  +--> ?PR?_FILL_OK_RESPONSE?COMMAND_REACTOR

?PR?_DECODE_SET_LAMP_GROUP_SETTING_RE...         -----    -----      -----    
>> -----      34B1H    0006H

?PR?_HANDLE_SET_DETECTOR_SETTING?COMM...         -----    -----      -----    
>> -----      34AEH    0003H
  +--> ?PR?_DECODE_SET_DETECTOR_SETTING_REQ?...
  +--> ?PR?SAVE_DETECTOR_SETTING?SMBUS
  +--> ?PR?_FILL_OK_RESPONSE?COMMAND_REACTOR

?PR?_DECODE_SET_DETECTOR_SETTING_REQ?...         -----    -----      -----    
>> -----      34B1H    0006H

?PR?_HANDLE_SET_PHASE_PLAN?COMMAND_RE...         -----    -----      -----    
>> -----      34AEH    0015H
  +--> ?PR?_DECODE_SET_PHASE_PLAN_REQ?CODEC
  +--> ?PR?_SAVE_PHASE_PLAN?SMBUS
  +--> ?PR?_FILL_OK_RESPONSE?COMMAND_REACTOR

?PR?_DECODE_SET_PHASE_PLAN_REQ?CODEC             -----    -----      -----    
>> -----      34C3H    000FH

?PR?_HANDLE_SET_TIMMING_PLAN?COMMAND_...         -----    -----      -----    
>> -----      34AEH    0026H
  +--> ?PR?_DECODE_SET_TIMMING_PLAN_REQ?CODEC
  +--> ?PR?_FILL_ERROR_RESPONSE?COMMAND_REACTOR
  +--> ?PR?_SAVE_TIMMING_PLAN?SMBUS
  +--> ?PR?_FILL_OK_RESPONSE?COMMAND_REACTOR
BL51 BANKED LINKER/LOCATER V5.03            04/25/2008  09:48:59  PAGE 17



?PR?_DECODE_SET_TIMMING_PLAN_REQ?CODEC           -----    -----      -----    
>> -----      34D4H    0009H

?PR?_HANDLE_SET_SCHEDULE_PLAN?COMMAND...         -----    -----      -----    
>> -----      34AEH    0066H
  +--> ?PR?_DECODE_SET_SCHEDULE_PLAN_REQ?CODEC
  +--> ?PR?_SAVE_SCHEDULE_PLAN?SMBUS
  +--> ?PR?_FILL_OK_RESPONSE?COMMAND_REACTOR

?PR?_DECODE_SET_SCHEDULE_PLAN_REQ?CODEC          -----    -----      -----    
>> -----      3514H    0009H

?PR?_HANDLE_SET_SPECIAL_DAY_TABLE?COM...         -----    -----      -----    
>> -----      34AEH    0003H
  +--> ?PR?_DECODE_SET_SPECIAL_DAY_TABLE_REQ...
  +--> ?PR?SAVE_SPECIAL_DAY?SMBUS
  +--> ?PR?_FILL_OK_RESPONSE?COMMAND_REACTOR

?PR?_DECODE_SET_SPECIAL_DAY_TABLE_REQ...         -----    -----      -----    
>> -----      34B1H    0006H

?PR?_HANDLE_SET_CURRENT_CONTROL_MODE?...         -----    -----      -----    
>> -----      34AEH    0003H
  +--> ?PR?_DECODE_SET_CURRENT_CONTROL_MODE_...
  +--> ?PR?SAVE_CONTROL_MODE_SELECTION?SMBUS
  +--> ?PR?_FILL_OK_RESPONSE?COMMAND_REACTOR

?PR?_DECODE_SET_CURRENT_CONTROL_MODE_...         -----    -----      -----    
>> -----      34B1H    0006H

?PR?_HANDLE_SET_MULTIPLE_SCHEDULE_CON...         -----    -----      -----    
>> -----      34AEH    0003H
  +--> ?PR?_DECODE_SET_MULTIPLE_SCHEDULE_CON...
  +--> ?PR?SAVE_MULTIPLE_SCHEDULE_CONTROL_PA...
  +--> ?PR?_FILL_OK_RESPONSE?COMMAND_REACTOR

?PR?_DECODE_SET_MULTIPLE_SCHEDULE_CON...         -----    -----      -----    
>> -----      34B1H    0006H

?PR?_HANDLE_SET_COMM_PARAM?COMMAND_RE...         -----    -----      -----    
>> -----      34AEH    000DH
  +--> ?PR?_DECODE_SET_COMM_PARAM_REQ?CODEC
  +--> ?PR?_FILL_ERROR_RESPONSE?COMMAND_REACTOR
  +--> ?PR?_SAVE_COMM_PARAM?SMBUS
  +--> ?PR?_FILL_OK_RESPONSE?COMMAND_REACTOR

?PR?_DECODE_SET_COMM_PARAM_REQ?CODEC             -----    -----      -----    
>> -----      34BBH    0009H

?PR?_HANDLE_SET_ACTUATE_CONTROL_PARAM...         -----    -----      -----    
>> -----      34AEH    0003H
  +--> ?PR?_DECODE_SET_ACTUATE_CONTROL_PARAM...
  +--> ?PR?SAVE_ACTUATE_CONTROL_PARAM?SMBUS
  +--> ?PR?_FILL_OK_RESPONSE?COMMAND_REACTOR

?PR?_DECODE_SET_ACTUATE_CONTROL_PARAM...         -----    -----      -----    
>> -----      34B1H    0006H

?PR?_HANDLE_SET_CORDLESS_COORDINATE_C...         -----    -----      -----    
>> -----      34AEH    0003H
  +--> ?PR?_DECODE_SET_CORDLESS_COORDINATE_C...
  +--> ?PR?SAVE_CORDLESS_COORDINATE_CONTROL_...
  +--> ?PR?_FILL_OK_RESPONSE?COMMAND_REACTOR

BL51 BANKED LINKER/LOCATER V5.03            04/25/2008  09:48:59  PAGE 18


?PR?_DECODE_SET_CORDLESS_COORDINATE_C...         -----    -----      -----    
>> -----      34B1H    0006H

?PR?_HANDLE_GET_SYSTEM_TIME?COMMAND_R...         -----    -----      -----    
>> -----      34AEH    000BH
  +--> ?PR?_ENCODE_GET_SYSTEM_TIME_RES?CODEC
  +--> ?PR?_GET_RESPONSE_CMD?CODEC

?PR?_ENCODE_GET_SYSTEM_TIME_RES?CODEC            -----    -----      -----    
>> -----      34B9H    0006H
  +--> ?PR?_FRAME_SET_DATA_LEN?CODEC

?PR?_HANDLE_GET_SYSTEM_PARAM?COMMAND_...         -----    -----      -----    
>> -----      34AEH    0003H
  +--> ?PR?_ENCODE_GET_SYSTEM_PARAM_RES?CODEC
  +--> ?PR?_GET_RESPONSE_CMD?CODEC

?PR?_ENCODE_GET_SYSTEM_PARAM_RES?CODEC           -----    -----      -----    
>> -----      34B1H    0006H
  +--> ?PR?_FRAME_SET_DATA_LEN?CODEC

?PR?_HANDLE_GET_LAMP_GROUP_SETTING?CO...         -----    -----      -----    
>> -----      34AEH    0003H
  +--> ?PR?_ENCODE_GET_LAMP_GROUP_SETTING_RE...
  +--> ?PR?_GET_RESPONSE_CMD?CODEC

?PR?_ENCODE_GET_LAMP_GROUP_SETTING_RE...         -----    -----      -----    
>> -----      34B1H    0006H
  +--> ?PR?_FRAME_SET_DATA_LEN?CODEC

?PR?_HANDLE_GET_DETECTOR_SETTING?COMM...         -----    -----      -----    
>> -----      34AEH    0003H
  +--> ?PR?_ENCODE_GET_DETECTOR_SETTING_RES?...
  +--> ?PR?_GET_RESPONSE_CMD?CODEC

?PR?_ENCODE_GET_DETECTOR_SETTING_RES?...         -----    -----      -----    
>> -----      34B1H    0006H
  +--> ?PR?_FRAME_SET_DATA_LEN?CODEC

?PR?_HANDLE_GET_PHASE_PLAN?COMMAND_RE...         -----    -----      -----    
>> -----      34AEH    000AH
  +--> ?PR?_DECODE_GET_PHASE_PLAN_REQ?CODEC
  +--> ?PR?_FILL_ERROR_RESPONSE?COMMAND_REACTOR
  +--> ?PR?_ENCODE_GET_PHASE_PLAN_RES?CODEC
  +--> ?PR?_GET_RESPONSE_CMD?CODEC

?PR?_DECODE_GET_PHASE_PLAN_REQ?CODEC             -----    -----      -----    
>> -----      34B8H    0009H

?PR?_ENCODE_GET_PHASE_PLAN_RES?CODEC             -----    -----      -----    
>> -----      34B8H    0008H
  +--> ?PR?_FRAME_SET_DATA_LEN?CODEC

?PR?_HANDLE_GET_TIMMING_PLAN?COMMAND_...         -----    -----      -----    
>> -----      34AEH    0005H
  +--> ?PR?_DECODE_GET_TIMMING_PLAN_REQ?CODEC
  +--> ?PR?_FILL_ERROR_RESPONSE?COMMAND_REACTOR
  +--> ?PR?_ENCODE_GET_TIMMING_PLAN_RES?CODEC
  +--> ?PR?_GET_RESPONSE_CMD?CODEC

?PR?_DECODE_GET_TIMMING_PLAN_REQ?CODEC           -----    -----      -----    
>> -----      34B3H    0006H

?PR?_ENCODE_GET_TIMMING_PLAN_RES?CODEC           -----    -----      -----    
>> -----      34B3H    0006H
BL51 BANKED LINKER/LOCATER V5.03            04/25/2008  09:48:59  PAGE 19


  +--> ?PR?_FRAME_SET_DATA_LEN?CODEC

?PR?_HANDLE_GET_SCHEDULE_PLAN?COMMAND...         -----    -----      -----    
>> -----      34AEH    0005H
  +--> ?PR?_DECODE_GET_SCHEDULE_PLAN_REQ?CODEC
  +--> ?PR?_ENCODE_GET_SCHEDULE_PLAN_RES?CODEC
  +--> ?PR?_GET_RESPONSE_CMD?CODEC

?PR?_DECODE_GET_SCHEDULE_PLAN_REQ?CODEC          -----    -----      -----    
>> -----      34B3H    0006H

?PR?_ENCODE_GET_SCHEDULE_PLAN_RES?CODEC          -----    -----      -----    
>> -----      34B3H    0006H
  +--> ?PR?_FRAME_SET_DATA_LEN?CODEC

?PR?_HANDLE_GET_SPECIAL_DAY_TABLE?COM...         -----    -----      -----    
>> -----      34AEH    0003H
  +--> ?PR?_ENCODE_GET_SPECIAL_DAY_TABLE_RES...
  +--> ?PR?_GET_RESPONSE_CMD?CODEC

?PR?_ENCODE_GET_SPECIAL_DAY_TABLE_RES...         -----    -----      -----    
>> -----      34B1H    0006H
  +--> ?PR?_FRAME_SET_DATA_LEN?CODEC

?PR?_HANDLE_GET_MACHINE_STATUS?COMMAN...         -----    -----      -----    
>> -----      34AEH    0064H
  +--> ?PR?_GET_DETECTOR_STATUS?MCU
  +--> ?PR?_GET_DETECTOR_COUNTER?MCU
  +--> ?PR?_GET_DETECTOR_HEALTH?MCU
  +--> ?PR?_GET_LAMP_HEALTH?MCU
  +--> ?PR?_ENCODE_GET_MACHINE_STATUS_RES?CODEC
  +--> ?PR?_GET_RESPONSE_CMD?CODEC

?PR?_GET_DETECTOR_STATUS?MCU                     -----    -----      0032H    
>> 0001H      3512H    0003H

?PR?_ENCODE_GET_MACHINE_STATUS_RES?CODEC         -----    -----      -----    
>> -----      3512H    0006H
  +--> ?PR?_FRAME_SET_DATA_LEN?CODEC

?PR?_HANDLE_GET_CURRENT_CONTROL_MODE?...         -----    -----      -----    
>> -----      34AEH    0003H
  +--> ?PR?_ENCODE_GET_CURRENT_CONTROL_MODE_...
  +--> ?PR?_GET_RESPONSE_CMD?CODEC

?PR?_ENCODE_GET_CURRENT_CONTROL_MODE_...         -----    -----      -----    
>> -----      34B1H    0006H
  +--> ?PR?_FRAME_SET_DATA_LEN?CODEC

?PR?_HANDLE_GET_MULTIPLE_SCHEDULE_CON...         -----    -----      -----    
>> -----      34AEH    0003H
  +--> ?PR?_ENCODE_GET_MULTIPLE_SCHEDULE_CON...
  +--> ?PR?_GET_RESPONSE_CMD?CODEC

?PR?_ENCODE_GET_MULTIPLE_SCHEDULE_CON...         -----    -----      -----    
>> -----      34B1H    0006H
  +--> ?PR?_FRAME_SET_DATA_LEN?CODEC

?PR?_HANDLE_GET_COMM_PARAM?COMMAND_RE...         -----    -----      -----    
>> -----      34AEH    0005H
  +--> ?PR?_DECODE_GET_COMM_PARAM_REQ?CODEC
  +--> ?PR?_FILL_ERROR_RESPONSE?COMMAND_REACTOR
  +--> ?PR?_ENCODE_GET_COMM_PARAM_RES?CODEC
  +--> ?PR?_GET_RESPONSE_CMD?CODEC

BL51 BANKED LINKER/LOCATER V5.03            04/25/2008  09:48:59  PAGE 20


?PR?_DECODE_GET_COMM_PARAM_REQ?CODEC             -----    -----      -----    
>> -----      34B3H    0006H

?PR?_ENCODE_GET_COMM_PARAM_RES?CODEC             -----    -----      -----    
>> -----      34B3H    0006H
  +--> ?PR?_FRAME_SET_DATA_LEN?CODEC

?PR?_HANDLE_GET_DETECTOR_COUNTER?COMM...         -----    -----      -----    
>> -----      34AEH    0023H
  +--> ?PR?_GET_DETECTOR_COUNTER?MCU
  +--> ?PR?_ENCODE_GET_DETECTOR_COUNTER_RES?...
  +--> ?PR?_GET_RESPONSE_CMD?CODEC

?PR?_ENCODE_GET_DETECTOR_COUNTER_RES?...         -----    -----      -----    
>> -----      34D1H    0006H
  +--> ?PR?_FRAME_SET_DATA_LEN?CODEC

?PR?_HANDLE_GET_DETECTOR_STATUS?COMMA...         -----    -----      -----    
>> -----      34AEH    0007H
  +--> ?PR?_GET_DETECTOR_STATUS?MCU
  +--> ?PR?_ENCODE_GET_DETECTOR_STATUS_RES?C...
  +--> ?PR?_GET_RESPONSE_CMD?CODEC

?PR?_ENCODE_GET_DETECTOR_STATUS_RES?C...         -----    -----      -----    
>> -----      34B5H    0006H
  +--> ?PR?_FRAME_SET_DATA_LEN?CODEC

?PR?_HANDLE_GET_DETECTOR_HEALTH?COMMA...         -----    -----      -----    
>> -----      34AEH    0007H
  +--> ?PR?_GET_DETECTOR_HEALTH?MCU
  +--> ?PR?_ENCODE_GET_DETECTOR_HEALTH_RES?C...
  +--> ?PR?_GET_RESPONSE_CMD?CODEC

?PR?_ENCODE_GET_DETECTOR_HEALTH_RES?C...         -----    -----      -----    
>> -----      34B5H    0006H
  +--> ?PR?_FRAME_SET_DATA_LEN?CODEC

?PR?_HANDLE_GET_LAMP_HEALTH?COMMAND_R...         -----    -----      -----    
>> -----      34AEH    000CH
  +--> ?PR?_GET_LAMP_HEALTH?MCU
  +--> ?PR?_ENCODE_GET_LAMP_HEALTH_RES?CODEC
  +--> ?PR?_GET_RESPONSE_CMD?CODEC

?PR?_ENCODE_GET_LAMP_HEALTH_RES?CODEC            -----    -----      -----    
>> -----      34BAH    0006H
  +--> ?PR?_FRAME_SET_DATA_LEN?CODEC

?PR?_HANDLE_GET_VOLUME_OCCUPY?COMMAND...         -----    -----      -----    
>> -----      34AEH    0003H
  +--> ?PR?_ENCODE_GET_VOLUME_OCCUPY_RES?CODEC
  +--> ?PR?_GET_RESPONSE_CMD?CODEC

?PR?_ENCODE_GET_VOLUME_OCCUPY_RES?CODEC          -----    -----      -----    
>> -----      34B1H    0006H
  +--> ?PR?_FRAME_SET_DATA_LEN?CODEC

?PR?_HANDLE_GET_ACTUATE_CONTROL_PARAM...         -----    -----      -----    
>> -----      34AEH    0003H
  +--> ?PR?_ENCODE_GET_ACTUATE_CONTROL_PARAM...
  +--> ?PR?_GET_RESPONSE_CMD?CODEC

?PR?_ENCODE_GET_ACTUATE_CONTROL_PARAM...         -----    -----      -----    
>> -----      34B1H    0006H
  +--> ?PR?_FRAME_SET_DATA_LEN?CODEC

BL51 BANKED LINKER/LOCATER V5.03            04/25/2008  09:48:59  PAGE 21


?PR?_HANDLE_GET_CORDLESS_COORDINATE_C...         -----    -----      -----    
>> -----      34AEH    0003H
  +--> ?PR?_ENCODE_GET_CORDLESS_COORDINATE_C...
  +--> ?PR?_GET_RESPONSE_CMD?CODEC

?PR?_ENCODE_GET_CORDLESS_COORDINATE_C...         -----    -----      -----    
>> -----      34B1H    0006H
  +--> ?PR?_FRAME_SET_DATA_LEN?CODEC

?PR?_HANDLE_DO_STEP_FORWARD?COMMAND_R...         -----    -----      -----    
>> -----      -----    -----
  +--> ?PR?_FILL_OK_RESPONSE?COMMAND_REACTOR

?PR?_HANDLE_DO_STEP_KEEP?COMMAND_REACTOR         -----    -----      -----    
>> -----      -----    -----
  +--> ?PR?_FILL_OK_RESPONSE?COMMAND_REACTOR

?PR?_HANDLE_MCU_SEND_KEY?COMMAND_REACTOR         -----    -----      -----    
>> -----      34AEH    0003H
  +--> ?PR?_IS_BUFFER_FULL?KEY_BUFFER
  +--> ?PR?_GET_BUFFER_KEY?KEY_BUFFER
  +--> ?PR?_PUT_BUFFER_KEY?KEY_BUFFER
  +--> ?PR?_FILL_OK_RESPONSE?COMMAND_REACTOR

?PR?_IS_BUFFER_FULL?KEY_BUFFER                   -----    -----      -----    
>> -----      34B1H    0003H

?PR?_GET_BUFFER_KEY?KEY_BUFFER                   -----    -----      -----    
>> -----      34B1H    0003H

?PR?_PUT_BUFFER_KEY?KEY_BUFFER                   -----    -----      -----    
>> -----      34B1H    0003H

?PR?_HANDLE_GET_KEY_VAL?COMMAND_REACTOR          -----    -----      -----    
>> -----      34AEH    0003H
  +--> ?PR?_FRAME_SET_DATA_LEN?CODEC
  +--> ?PR?_GET_RESPONSE_CMD?CODEC

?PR?_HANDLE_GET_GREEN_CONFLICT?COMMAN...         -----    -----      -----    
>> -----      34AEH    0003H
  +--> ?PR?_FRAME_SET_DATA_LEN?CODEC
  +--> ?PR?_GET_RESPONSE_CMD?CODEC

?PR?_HANDLE_SET_GREEN_CONFLICT?COMMAN...         -----    -----      -----    
>> -----      34AEH    0003H
  +--> ?PR?SAVE_GREEN_CONFLICT?SMBUS
  +--> ?PR?_FILL_OK_RESPONSE?COMMAND_REACTOR

?PR?_HANDLE_UNSUPPORT_COMMAND?COMMAND...         -----    -----      -----    
>> -----      -----    -----
  +--> ?PR?_FRAME_SET_DATA_LEN?CODEC

?PR?_WRITE_FRAME?CODEC                           -----    -----      -----    
>> -----      34ADH    01FBH
  +--> ?PR?_COMPUTE_CHECKSUM?CODEC
  +--> ?PR?_FRAME_GET_DATA_LEN?CODEC
  +--> ?PR?_WRITE_COMM?MCU

?PR?_COMPUTE_CHECKSUM?CODEC                      -----    -----      -----    
>> -----      36A8H    0006H
  +--> ?PR?_FRAME_GET_DATA_LEN?CODEC

?PR?_WRITE_COMM?MCU                              -----    -----      0032H    
>> 0002H      36A8H    000AH
  +--> ?PR?_IS_OUT_FULL?MCU
BL51 BANKED LINKER/LOCATER V5.03            04/25/2008  09:48:59  PAGE 22


  +--> ?PR?_OUT_PUTCHAR?MCU

?PR?GET_LAMP_HEALTH_STATUS?MCU                   -----    -----      -----    
>> -----      34A2H    000AH

?PR?CONFLICT_DETECT?MCU                          -----    -----      -----    
>> -----      34A2H    0004H
  +--> ?PR?_IS_TERM_CONNECT_TO_YELLOW?UTIL

?PR?INIT_GM8125?MCU                              -----    -----      -----    
>> -----      -----    -----
  +--> ?PR?_DELAY_200US?MCU

?PR?CONTROLLER_MAIN?KERNEL                       -----    -----      -----    
>> -----      3497H    000BH
  +--> ?PR?SET_INIT_STATE?KERNEL
  +--> ?PR?_INIT_COMMAND_REACTOR?COMMAND_REA...
  +--> ?PR?_OPEN_COMM?MCU
  +--> ?PR?_DO_SCHEDULE?KERNEL
  +--> ?PR?_GET_MODE?KERNEL
  +--> ?PR?_REACTOR_HANDLE_COMMAND?COMMAND_R...
  +--> ?PR?WAIT_FOR_100MS?MCU
  +--> ?PR?SAVE_CONFIG_DATA?SMBUS
  +--> ?PR?GET_TEMPERATURE?MCU
  +--> ?PR?IS_DOOR_ILLEGAL_OPEN?MCU

?PR?SET_INIT_STATE?KERNEL                        -----    -----      -----    
>> -----      -----    -----
  +--> ?PR?_YELLOW_FLASH_CONTROL?KERNEL
  +--> ?PR?_LOAD_CURRENT_SCHEDULE?KERNEL

?PR?_YELLOW_FLASH_CONTROL?KERNEL                 -----    -----      -----    
>> -----      34C8H    0002H
  +--> ?PR?_INIT_SPECIAL_SCHEDULE_DATA?KERNEL
  +--> ?PR?_LOAD_CURRENT_SCHEDULE?KERNEL
  +--> ?PR?_SET_TERM_STATUS?MCU

?PR?_INIT_SPECIAL_SCHEDULE_DATA?KERNEL           -----    -----      -----    
>> -----      34CAH    000FH

?PR?_SET_TERM_STATUS?MCU                         002AH.6  0000H.1    002EH    
>> 0009H      34E0H    0003H

?PR?_INIT_COMMAND_REACTOR?COMMAND_REA...         -----    -----      -----    
>> -----      34A2H    0003H
  +--> ?PR?_INIT_FRAME?CODEC
  +--> ?PR?_INIT_KEY_BUFFER?KEY_BUFFER

?PR?_INIT_FRAME?CODEC                            -----    -----      -----    
>> -----      34A5H    0006H

?PR?_OPEN_COMM?MCU                               -----    -----      -----    
>> -----      34A2H    0003H
  +--> ?PR?_OUT_INIT?MCU
  +--> ?PR?_DELAY_200US?MCU

?PR?_OUT_INIT?MCU                                -----    -----      -----    
>> -----      -----    -----
  +--> ?PR?_IN_INIT?MCU

?PR?_DO_SCHEDULE?KERNEL                          002AH.5  0000H.1    -----    
>> -----      34A2H    000AH
  +--> ?PR?IS_MANUAL_CONTROL_STATE?MCU
  +--> ?PR?GET_RUN_MODE?MCU
  +--> ?PR?GET_FRONT_PANEL_CONTROL_MODE?MCU
BL51 BANKED LINKER/LOCATER V5.03            04/25/2008  09:48:59  PAGE 23


  +--> ?PR?_GET_MODE?KERNEL
  +--> ?PR?_GET_CONTROL_MODE?KERNEL
  +--> ?PR?_GET_BACKUP_CONTROL_MODE?KERNEL

?PR?_GET_MODE?KERNEL                             -----    -----      -----    
>> -----      34ACH    0005H
  +--> ?CO?KERNEL

?CO?KERNEL                                       -----    -----      -----    
>> -----      -----    -----
  +--> ?PR?_ALL_OFF_CONTROL?KERNEL
  +--> ?PR?_ALL_RED_CONTROL?KERNEL
  +--> ?PR?_YELLOW_FLASH_CONTROL?KERNEL
  +--> ?PR?_MULTIPLE_SCHEDULE_CONTROL?MULTIP...
  +--> ?PR?_ACTUATE_CONTROL?ACTUATE_CONTROL
  +--> ?PR?_CORDLESS_COORDINATE_CONTROL?CORD...
  +--> ?PR?_EXECUTIVE_MACHINE_CONTROL?EXECUT...
  +--> ?PR?_MANUAL_CONTROL?MANUAL_CONTROL

?PR?_ALL_OFF_CONTROL?KERNEL                      -----    -----      -----    
>> -----      34B2H    0002H
  +--> ?PR?_INIT_SPECIAL_SCHEDULE_DATA?KERNEL
  +--> ?PR?_LOAD_CURRENT_SCHEDULE?KERNEL
  +--> ?PR?_SET_TERM_STATUS?MCU

?PR?_ALL_RED_CONTROL?KERNEL                      -----    -----      -----    
>> -----      34C8H    0002H
  +--> ?PR?_INIT_SPECIAL_SCHEDULE_DATA?KERNEL
  +--> ?PR?_LOAD_CURRENT_SCHEDULE?KERNEL
  +--> ?PR?_SET_TERM_STATUS?MCU

?PR?_MULTIPLE_SCHEDULE_CONTROL?MULTIP...         -----    -----      -----    
>> -----      34B2H    0005H
  +--> ?PR?_SWITCHING_WITH_MULTIPLE_SCHEDULE...
  +--> ?PR?IS_STEP_END?KERNEL
  +--> ?PR?IS_LAST_STEP?KERNEL
  +--> ?PR?_GET_CURRENT_SCHEDULE?KERNEL
  +--> ?PR?_IS_SCHEDULE_VALID?KERNEL
  +--> ?PR?_SET_ERROR?ERROR_CODE
  +--> ?PR?_CLEAR_ERROR?ERROR_CODE
  +--> ?PR?_LOAD_CURRENT_SCHEDULE?KERNEL
  +--> ?PR?SET_CURRENT_STAGE?KERNEL
  +--> ?PR?RUN_CURRENT_STEP?KERNEL
  +--> ?PR?_GET_LAMP_HEALTH?MCU

?PR?_SWITCHING_WITH_MULTIPLE_SCHEDULE...         -----    -----      -----    
>> -----      34B7H    0002H
  +--> ?PR?IS_STEP_END?KERNEL
  +--> ?PR?IS_LAST_STEP?KERNEL
  +--> ?PR?SET_CURRENT_STAGE?KERNEL
  +--> ?PR?RUN_CURRENT_STEP?KERNEL

?PR?SET_CURRENT_STAGE?KERNEL                     -----    -----      -----    
>> -----      -----    -----
  +--> ?PR?IS_LAST_STEP?KERNEL

?PR?RUN_CURRENT_STEP?KERNEL                      -----    -----      -----    
>> -----      -----    -----
  +--> ?PR?SET_PHASE_TIME?KERNEL
  +--> ?PR?_SET_PHASE_STATE?KERNEL
  +--> ?PR?_SET_TERM_STATUS?MCU

?PR?_SET_PHASE_STATE?KERNEL                      -----    -----      -----    
>> -----      34E0H    0037H
  +--> ?PR?_FIND_LAMP_GROUP?KERNEL
BL51 BANKED LINKER/LOCATER V5.03            04/25/2008  09:48:59  PAGE 24


  +--> ?PR?_SET_LAMP_STATE?KERNEL

?PR?_FIND_LAMP_GROUP?KERNEL                      -----    -----      -----    
>> -----      3517H    0006H

?PR?_SET_LAMP_STATE?KERNEL                       -----    -----      -----    
>> -----      3517H    000FH

?PR?_GET_CURRENT_SCHEDULE?KERNEL                 -----    -----      -----    
>> -----      34B9H    0074H
  +--> ?PR?IS_TODAY_SPECIAL_DAY?KERNEL

?PR?IS_TODAY_SPECIAL_DAY?KERNEL                  -----    -----      -----    
>> -----      352DH    000BH

?PR?_ACTUATE_CONTROL?ACTUATE_CONTROL             -----    -----      -----    
>> -----      34B2H    0004H
  +--> ?PR?_SIMPLE_FULL_ACTUATE_CONTROL?ACTU...
  +--> ?PR?_SIMPLE_HALF_ACTUATE_CONTROL?ACTU...

?PR?_SIMPLE_FULL_ACTUATE_CONTROL?ACTU...         -----    -----      -----    
>> -----      34B6H    002AH
  +--> ?PR?_LOAD_CURRENT_SCHEDULE?KERNEL
  +--> ?PR?_EMPTY_SET?DETECTOR_SET
  +--> ?PR?IS_STEP_END?KERNEL
  +--> ?PR?SET_CURRENT_STAGE?KERNEL
  +--> ?PR?RUN_CURRENT_STEP?KERNEL
  +--> ?PR?IS_PHASE_STEP?ACTUATE_CONTROL
  +--> ?PR?_GET_PHASE_DETECTOR?UTIL
  +--> ?PR?_GET_DETECTOR_HEALTH?MCU
  +--> ?PR?_IS_IN_SET?DETECTOR_SET
  +--> ?PR?_GET_BIT_VALUE?UTIL
  +--> ?PR?_GET_DETECTOR_STATUS?MCU
  +--> ?PR?_GET_DETECTOR_COUNTER?MCU

?PR?IS_PHASE_STEP?ACTUATE_CONTROL                -----    -----      -----    
>> -----      34E0H    0003H

?PR?_GET_PHASE_DETECTOR?UTIL                     -----    -----      -----    
>> -----      34E0H    0008H
  +--> ?PR?_DECODE_TERM_STATUS?UTIL
  +--> ?PR?_IS_TERM_CONNECT_TO_GREEN?UTIL
  +--> ?PR?_GET_LAMP_GROUP_DETECTOR?UTIL

?PR?_DECODE_TERM_STATUS?UTIL                     -----    -----      -----    
>> -----      34E8H    0004H

?PR?_GET_LAMP_GROUP_DETECTOR?UTIL                -----    -----      -----    
>> -----      34E8H    0007H
  +--> ?PR?_ADD_SET?DETECTOR_SET

?PR?_ADD_SET?DETECTOR_SET                        -----    -----      -----    
>> -----      34EFH    0006H
  +--> ?CO?DETECTOR_SET
  +--> ?PR?PRINTF?PRINTF

?PR?PRINTF?PRINTF                                002AH.6  0001H.1    002EH    
>> 0005H      34F5H    0028H
  +--> ?PR?PUTCHAR?PUTCHAR

?PR?_IS_IN_SET?DETECTOR_SET                      -----    -----      -----    
>> -----      34E0H    0006H
  +--> ?CO?DETECTOR_SET
  +--> ?PR?PRINTF?PRINTF

BL51 BANKED LINKER/LOCATER V5.03            04/25/2008  09:48:59  PAGE 25


?PR?_GET_BIT_VALUE?UTIL                          -----    -----      -----    
>> -----      34E0H    000AH

?PR?_SIMPLE_HALF_ACTUATE_CONTROL?ACTU...         -----    -----      -----    
>> -----      34B6H    002AH
  +--> ?PR?PHASE_COUNT?ACTUATE_CONTROL
  +--> ?PR?_LOAD_CURRENT_SCHEDULE?KERNEL
  +--> ?PR?_EMPTY_SET?DETECTOR_SET
  +--> ?PR?IS_STEP_END?KERNEL
  +--> ?PR?SET_CURRENT_STAGE?KERNEL
  +--> ?PR?RUN_CURRENT_STEP?KERNEL
  +--> ?PR?IS_PHASE_STEP?ACTUATE_CONTROL
  +--> ?PR?_GET_PHASE_DETECTOR?UTIL
  +--> ?PR?_IS_IN_SET?DETECTOR_SET
  +--> ?PR?_GET_DETECTOR_HEALTH?MCU
  +--> ?PR?_GET_BIT_VALUE?UTIL
  +--> ?PR?_GET_DETECTOR_STATUS?MCU
  +--> ?PR?_GET_DETECTOR_COUNTER?MCU

?PR?PHASE_COUNT?ACTUATE_CONTROL                  -----    -----      -----    
>> -----      34E0H    0003H

?PR?_CORDLESS_COORDINATE_CONTROL?CORD...         -----    -----      -----    
>> -----      34B2H    000EH
  +--> ?PR?_IS_SCHEDULE_VALID?KERNEL
  +--> ?PR?_GET_CYCLE?CORDLESS_COORDINATE_CO...
  +--> ?PR?_SWITCHING_WITH_YELLOW_FLASH_ALL_...
  +--> ?PR?_LOAD_CURRENT_SCHEDULE?KERNEL
  +--> ?PR?RUN_CURRENT_STEP?KERNEL
  +--> ?PR?IS_STEP_END?KERNEL
  +--> ?PR?IS_LAST_STEP?KERNEL

?PR?_GET_CYCLE?CORDLESS_COORDINATE_CO...         -----    -----      -----    
>> -----      34C0H    0004H

?PR?_SWITCHING_WITH_YELLOW_FLASH_ALL_...         -----    -----      -----    
>> -----      34C0H    0008H
  +--> ?PR?_YELLOW_FLASH_CONTROL?KERNEL
  +--> ?PR?_ALL_RED_CONTROL?KERNEL

?PR?_EXECUTIVE_MACHINE_CONTROL?EXECUT...         -----    -----      -----    
>> -----      34B2H    0005H
  +--> ?PR?_GET_CURRENT_SCHEDULE?KERNEL
  +--> ?PR?_LOAD_CURRENT_SCHEDULE?KERNEL
  +--> ?PR?_SET_TERM_STATUS?MCU

?PR?_MANUAL_CONTROL?MANUAL_CONTROL               -----    -----      -----    
>> -----      34B2H    0004H
  +--> ?PR?MANUAL_LOAD_MULTIPLE_SCHEDULE?MAN...
  +--> ?PR?CLEAR_STEP_FORWARD_BUTTON_STATE?MCU
  +--> ?PR?CLEAR_NEED_CHANGE_STAGE_FLAG?MCU
  +--> ?PR?IS_STEP_FORWARD_BUTTON_PRESSED?MCU
  +--> ?PR?MANUAL_STEP_DISPOSE?MANUAL_CONTROL
  +--> ?PR?IS_NEED_CHANGE_STAGE?MCU
  +--> ?PR?GET_MANUAL_NEXT_STAGE_COUNT?MCU
  +--> ?PR?MANUAL_CHANGE_STEP_DISPOSE?MANUAL...

?PR?MANUAL_LOAD_MULTIPLE_SCHEDULE?MAN...         -----    -----      -----    
>> -----      34B6H    0003H
  +--> ?PR?_GET_CURRENT_SCHEDULE?KERNEL
  +--> ?PR?_IS_SCHEDULE_VALID?KERNEL
  +--> ?PR?_LOAD_CURRENT_SCHEDULE?KERNEL
  +--> ?PR?RUN_CURRENT_STEP?KERNEL

?PR?MANUAL_STEP_DISPOSE?MANUAL_CONTROL           -----    -----      -----    
BL51 BANKED LINKER/LOCATER V5.03            04/25/2008  09:48:59  PAGE 26


>> -----      -----    -----
  +--> ?PR?IS_STEP_END?KERNEL
  +--> ?PR?SET_CURRENT_STAGE?KERNEL
  +--> ?PR?RUN_CURRENT_STEP?KERNEL
  +--> ?PR?CLEAR_STEP_FORWARD_BUTTON_STATE?MCU

?PR?MANUAL_CHANGE_STEP_DISPOSE?MANUAL...         -----    -----      -----    
>> -----      -----    -----
  +--> ?PR?IS_STEP_END?KERNEL
  +--> ?PR?CLEAR_NEED_CHANGE_STAGE_FLAG?MCU
  +--> ?PR?RUN_CURRENT_STEP?KERNEL

?PR?_GET_CONTROL_MODE?KERNEL                     -----    -----      -----    
>> -----      34ACH    0006H
  +--> ?CO?KERNEL
  +--> ?PR?_MULTIPLE_SCHEDULE_CONTROL?MULTIP...

?PR?_GET_BACKUP_CONTROL_MODE?KERNEL              -----    -----      -----    
>> -----      34ACH    0006H
  +--> ?CO?KERNEL
  +--> ?PR?_MULTIPLE_SCHEDULE_CONTROL?MULTIP...

*** NEW ROOT ***************************************************

?PR?INT0_ISR?ISR_INT0                            002BH.7  0000H.1    0037H    
>> 0002H      -----    -----

*** NEW ROOT ***************************************************

?PR?INT6_ISR?ISR_INT0                            -----    -----      0039H    
>> 0002H      -----    -----

*** NEW ROOT ***************************************************

?PR?SMBUS_ISR?ISR_SMBUS                          -----    -----      003BH    
>> 0002H      -----    -----
  +--> ?CO?ISR_SMBUS

*** NEW ROOT ***************************************************

?PR?TIMER3_ISR?ISR_TIMER3                        -----    -----      003DH    
>> 0004H      -----    -----

*** NEW ROOT ***************************************************

?PR?UART0_ISR?ISR_UART                           -----    -----      -----    
>> -----      36B2H    0002H
  +--> ?PR?_IS_OUT_EMPTY?MCU
  +--> ?PR?_OUT_GETCHAR?MCU
  +--> ?PR?_IN_PUTCHAR?MCU



SYMBOL TABLE OF MODULE:  E:\GXWORK\SIGNAL_MACHINE\OLD\SRC\CONTROL\DATASTRUCT (
>> DATASTRUCT)

  VALUE           TYPE          NAME
  ----------------------------------

  -------         MODULE        DATASTRUCT
  C:0000H         SYMBOL        _ICE_DUMMY_
  C:6188H         PUBLIC        _detector_status_set_status
  C:3DC3H         PUBLIC        _green_conflict_set_conflict
  C:715CH         PUBLIC        _detector_health_get_health
  C:439CH         PUBLIC        _green_conflict_is_conflict
BL51 BANKED LINKER/LOCATER V5.03            04/25/2008  09:48:59  PAGE 27


  C:60F2H         PUBLIC        _detector_health_set_health
  C:6D9EH         PUBLIC        _phase_get_output
  C:5FC5H         PUBLIC        _phase_set_output
  C:7304H         PUBLIC        _lamp_group_setting_get_lamp_group_count
  C:4CD2H         PUBLIC        _is_phase_green_conflict
  C:70F2H         PUBLIC        _lamp_health_get_health
  C:4C02H         PUBLIC        _lamp_group_setting_get_terminal
  C:605CH         PUBLIC        _lamp_health_set_health
  C:71C6H         PUBLIC        _detector_status_get_status
  -------         PROC          _LAMP_GROUP_SETTING_GET_LAMP_GROUP_COUNT
  X:3B3EH         SYMBOL        self
  -------         DO            
  X:3B41H         SYMBOL        i
  -------         ENDDO         
  C:7304H         LINE#         6
  C:730FH         LINE#         7
  C:730FH         LINE#         9
  C:7326H         LINE#         10
  C:7354H         LINE#         12
  C:7354H         LINE#         13
  C:7354H         LINE#         14
  C:7354H         LINE#         15
  C:7364H         LINE#         16
  C:736CH         LINE#         17
  -------         ENDPROC       _LAMP_GROUP_SETTING_GET_LAMP_GROUP_COUNT
  -------         PROC          _GREEN_CONFLICT_IS_CONFLICT
  X:3A1DH         SYMBOL        self
  D:0002H         SYMBOL        n
  X:3A22H         SYMBOL        m
  -------         DO            
  X:3A24H         SYMBOL        b
  D:0006H         SYMBOL        off
  D:0007H         SYMBOL        mask
  X:3A26H         SYMBOL        tmp
  -------         ENDDO         
  C:439CH         LINE#         21
  C:43ABH         LINE#         22
  C:43ABH         LINE#         27
  C:43DEH         LINE#         29
  C:43E1H         LINE#         31
  C:43F4H         LINE#         32
  C:43FEH         LINE#         33
  C:4406H         LINE#         34
  C:440EH         LINE#         35
  C:440EH         LINE#         37
  C:441AH         LINE#         38
  C:441DH         LINE#         41
  C:4422H         LINE#         42
  C:4430H         LINE#         43
  C:4456H         LINE#         44
  C:4470H         LINE#         45
  C:4482H         LINE#         46
  C:448EH         LINE#         47
  C:44AAH         LINE#         48
  C:44AFH         LINE#         50
  C:44B2H         LINE#         51
  -------         ENDPROC       _GREEN_CONFLICT_IS_CONFLICT
  -------         PROC          _GREEN_CONFLICT_SET_CONFLICT
  X:39F7H         SYMBOL        self
  D:0002H         SYMBOL        n
  X:39FCH         SYMBOL        m
  X:39FEH         SYMBOL        conflict
  -------         DO            
  X:3A00H         SYMBOL        b
  D:0006H         SYMBOL        off
BL51 BANKED LINKER/LOCATER V5.03            04/25/2008  09:48:59  PAGE 28


  D:0007H         SYMBOL        mask
  X:3A02H         SYMBOL        tmp
  -------         ENDDO         
  C:3DC3H         LINE#         53
  C:3DD2H         LINE#         54
  C:3DD2H         LINE#         59
  C:3E05H         LINE#         61
  C:3E0AH         LINE#         63
  C:3E1DH         LINE#         64
  C:3E27H         LINE#         65
  C:3E2FH         LINE#         66
  C:3E37H         LINE#         67
  C:3E37H         LINE#         69
  C:3E43H         LINE#         70
  C:3E46H         LINE#         73
  C:3E4BH         LINE#         74
  C:3E59H         LINE#         75
  C:3E7FH         LINE#         76
  C:3E99H         LINE#         77
[...]
  -------         ENDPROC       _CPLD_FIFO_CAPACITY
  -------         ENDMOD        CPLD_FIFO

  -------         MODULE        ?C?COPY
  C:0176H         PUBLIC        ?C?COPY
  -------         ENDMOD        ?C?COPY

  -------         MODULE        ?C?CLDPTR
  C:019CH         PUBLIC        ?C?CLDPTR
  -------         ENDMOD        ?C?CLDPTR

BL51 BANKED LINKER/LOCATER V5.03            04/25/2008  09:48:59  PAGE 130


  -------         MODULE        ?C?CLDOPTR
  C:01B5H         PUBLIC        ?C?CLDOPTR
  -------         ENDMOD        ?C?CLDOPTR

  -------         MODULE        ?C?CSTPTR
  C:01E2H         PUBLIC        ?C?CSTPTR
  -------         ENDMOD        ?C?CSTPTR

  -------         MODULE        ?C?CSTOPTR
  C:01F4H         PUBLIC        ?C?CSTOPTR
  -------         ENDMOD        ?C?CSTOPTR

  -------         MODULE        ?C?IMUL
  C:0216H         PUBLIC        ?C?IMUL
  -------         ENDMOD        ?C?IMUL

  -------         MODULE        ?C?UIDIV
  C:0228H         PUBLIC        ?C?UIDIV
  -------         ENDMOD        ?C?UIDIV

  -------         MODULE        ?C?SIDIV
  C:027DH         PUBLIC        ?C?SIDIV
  -------         ENDMOD        ?C?SIDIV

  -------         MODULE        ?C?ILDIX
  C:02B3H         PUBLIC        ?C?ILDIX
  -------         ENDMOD        ?C?ILDIX

  -------         MODULE        ?C?ILDPTR
  C:02C9H         PUBLIC        ?C?ILDPTR
  -------         ENDMOD        ?C?ILDPTR

  -------         MODULE        ?C?ILDIPTR
  C:02F4H         PUBLIC        ?C?ILDIPTR
  -------         ENDMOD        ?C?ILDIPTR

  -------         MODULE        ?C?ILDOPTR
  C:0329H         PUBLIC        ?C?ILDOPTR
  -------         ENDMOD        ?C?ILDOPTR

  -------         MODULE        ?C?ILDIOPTR
  C:0361H         PUBLIC        ?C?ILDIOPTR
  -------         ENDMOD        ?C?ILDIOPTR

  -------         MODULE        ?C?ISTPTR
  C:03ADH         PUBLIC        ?C?ISTPTR
  -------         ENDMOD        ?C?ISTPTR

  -------         MODULE        ?C?ISTOPTR
  C:03CCH         PUBLIC        ?C?ISTOPTR
  -------         ENDMOD        ?C?ISTOPTR

  -------         MODULE        ?C?LMUL
  C:03F9H         PUBLIC        ?C?LMUL
  -------         ENDMOD        ?C?LMUL

  -------         MODULE        ?C?ULDIV
  C:0484H         PUBLIC        ?C?ULDIV
  -------         ENDMOD        ?C?ULDIV

  -------         MODULE        ?C?SLDIV
  C:8190H         PUBLIC        ?C?SLDIV
  -------         ENDMOD        ?C?SLDIV

  -------         MODULE        ?C?ULSHR
BL51 BANKED LINKER/LOCATER V5.03            04/25/2008  09:48:59  PAGE 131


  C:0516H         PUBLIC        ?C?ULSHR
  -------         ENDMOD        ?C?ULSHR

  -------         MODULE        ?C?LSTXDATA
  C:0529H         PUBLIC        ?C?LSTXDATA
  -------         ENDMOD        ?C?LSTXDATA

  -------         MODULE        ?C?LSTKXDATA
  C:0535H         PUBLIC        ?C?LSTKXDATA
  -------         ENDMOD        ?C?LSTKXDATA

  -------         MODULE        ?C?OFFXADD
  C:0566H         PUBLIC        ?C?OFFXADD
  -------         ENDMOD        ?C?OFFXADD

  -------         MODULE        ?C?PLDOPTR
  C:0572H         PUBLIC        ?C?PLDOPTR
  -------         ENDMOD        ?C?PLDOPTR

  -------         MODULE        ?C?PSTOPTR
  C:05A2H         PUBLIC        ?C?PSTOPTR
  -------         ENDMOD        ?C?PSTOPTR

  -------         MODULE        ?C?ICALL
  C:05FBH         PUBLIC        ?C?ICALL
  C:05FFH         PUBLIC        ?C?ICALL2
  -------         ENDMOD        ?C?ICALL

  -------         MODULE        PRINTF
  X:34F5H         PUBLIC        ?_PRINTF517?BYTE
  X:34F5H         PUBLIC        ?_PRINTF?BYTE
  X:34F5H         PUBLIC        ?_SPRINTF517?BYTE
  X:34F5H         PUBLIC        ?_SPRINTF?BYTE
  C:17A4H         PUBLIC        _PRINTF
  C:17A4H         PUBLIC        _PRINTF517
  C:179EH         PUBLIC        _SPRINTF
  C:179EH         PUBLIC        _SPRINTF517
  -------         ENDMOD        PRINTF

  -------         MODULE        ?C?MEMSET
  C:0601H         PUBLIC        ?C?MEMSET
  -------         ENDMOD        ?C?MEMSET

  -------         MODULE        ?C?PLDIDATA
  C:062DH         PUBLIC        ?C?PLDIDATA
  -------         ENDMOD        ?C?PLDIDATA

  -------         MODULE        ?C?PSTIDATA
  C:0636H         PUBLIC        ?C?PSTIDATA
  -------         ENDMOD        ?C?PSTIDATA

  -------         MODULE        ?C?PLDXDATA
  C:063FH         PUBLIC        ?C?PLDXDATA
  -------         ENDMOD        ?C?PLDXDATA

  -------         MODULE        ?C?PLDIXDATA
  C:0648H         PUBLIC        ?C?PLDIXDATA
  -------         ENDMOD        ?C?PLDIXDATA

  -------         MODULE        ?C?PSTXDATA
  C:065FH         PUBLIC        ?C?PSTXDATA
  -------         ENDMOD        ?C?PSTXDATA

  -------         MODULE        ?C?PLDPDATA
  C:0668H         PUBLIC        ?C?PLDPDATA
BL51 BANKED LINKER/LOCATER V5.03            04/25/2008  09:48:59  PAGE 132


  -------         ENDMOD        ?C?PLDPDATA

  -------         MODULE        ?C?PSTPDATA
  C:0671H         PUBLIC        ?C?PSTPDATA
  -------         ENDMOD        ?C?PSTPDATA

  -------         MODULE        ?C?PLDCODE
  C:067AH         PUBLIC        ?C?PLDCODE
  -------         ENDMOD        ?C?PLDCODE

  -------         MODULE        ?C?CCASE
  C:0686H         PUBLIC        ?C?CCASE
  -------         ENDMOD        ?C?CCASE

  -------         MODULE        PUTCHAR
  C:98A1H         PUBLIC        _PUTCHAR
  -------         ENDMOD        PUTCHAR

*** WARNING L16: UNCALLED SEGMENT, IGNORED FOR OVERLAY PROCESS
    SEGMENT: ?PR?_LAMP_GROUP_SETTING_GET_LAMP_GROUP_COUNT?DATASTRUCT

*** WARNING L16: UNCALLED SEGMENT, IGNORED FOR OVERLAY PROCESS
    SEGMENT: ?PR?_GREEN_CONFLICT_SET_CONFLICT?DATASTRUCT

*** WARNING L16: UNCALLED SEGMENT, IGNORED FOR OVERLAY PROCESS
    SEGMENT: ?PR?_LAMP_GROUP_SETTING_GET_TERMINAL?DATASTRUCT

*** WARNING L16: UNCALLED SEGMENT, IGNORED FOR OVERLAY PROCESS
    SEGMENT: ?PR?_PHASE_SET_OUTPUT?DATASTRUCT

*** WARNING L16: UNCALLED SEGMENT, IGNORED FOR OVERLAY PROCESS
    SEGMENT: ?PR?_IS_PHASE_GREEN_CONFLICT?DATASTRUCT

*** WARNING L16: UNCALLED SEGMENT, IGNORED FOR OVERLAY PROCESS
    SEGMENT: ?PR?_LAMP_HEALTH_GET_HEALTH?DATASTRUCT

*** WARNING L16: UNCALLED SEGMENT, IGNORED FOR OVERLAY PROCESS
    SEGMENT: ?PR?_LAMP_HEALTH_SET_HEALTH?DATASTRUCT

*** WARNING L16: UNCALLED SEGMENT, IGNORED FOR OVERLAY PROCESS
    SEGMENT: ?PR?_DETECTOR_HEALTH_GET_HEALTH?DATASTRUCT

*** WARNING L16: UNCALLED SEGMENT, IGNORED FOR OVERLAY PROCESS
    SEGMENT: ?PR?_DETECTOR_HEALTH_SET_HEALTH?DATASTRUCT

*** WARNING L16: UNCALLED SEGMENT, IGNORED FOR OVERLAY PROCESS
    SEGMENT: ?PR?_DETECTOR_STATUS_GET_STATUS?DATASTRUCT

*** WARNING L16: UNCALLED SEGMENT, IGNORED FOR OVERLAY PROCESS
    SEGMENT: ?PR?_DETECTOR_STATUS_SET_STATUS?DATASTRUCT

*** WARNING L16: UNCALLED SEGMENT, IGNORED FOR OVERLAY PROCESS
    SEGMENT: ?PR?_DO_WAIT?KERNEL

*** WARNING L16: UNCALLED SEGMENT, IGNORED FOR OVERLAY PROCESS
    SEGMENT: ?PR?_IS_CMD_RESPONSE_OK?CODEC

*** WARNING L16: UNCALLED SEGMENT, IGNORED FOR OVERLAY PROCESS
    SEGMENT: ?PR?_ENCODE_SET_SYSTEM_TIME_REQ?CODEC

*** WARNING L16: UNCALLED SEGMENT, IGNORED FOR OVERLAY PROCESS
    SEGMENT: ?PR?_DECODE_GET_SYSTEM_TIME_RES?CODEC

*** WARNING L16: UNCALLED SEGMENT, IGNORED FOR OVERLAY PROCESS
    SEGMENT: ?PR?_ENCODE_SET_SYSTEM_PARAM_REQ?CODEC
BL51 BANKED LINKER/LOCATER V5.03            04/25/2008  09:48:59  PAGE 133



*** WARNING L16: UNCALLED SEGMENT, IGNORED FOR OVERLAY PROCESS
    SEGMENT: ?PR?_DECODE_GET_SYSTEM_PARAM_RES?CODEC

*** WARNING L16: UNCALLED SEGMENT, IGNORED FOR OVERLAY PROCESS
    SEGMENT: ?PR?_ENCODE_SET_LAMP_GROUP_SETTING_REQ?CODEC

*** WARNING L16: UNCALLED SEGMENT, IGNORED FOR OVERLAY PROCESS
    SEGMENT: ?PR?_ENCODE_SET_DETECTOR_SETTING_REQ?CODEC

*** WARNING L16: UNCALLED SEGMENT, IGNORED FOR OVERLAY PROCESS
    SEGMENT: ?PR?_DECODE_GET_DETECTOR_SETTING_RES?CODEC

*** WARNING L16: UNCALLED SEGMENT, IGNORED FOR OVERLAY PROCESS
    SEGMENT: ?PR?_ENCODE_SET_PHASE_PLAN_REQ?CODEC

*** WARNING L16: UNCALLED SEGMENT, IGNORED FOR OVERLAY PROCESS
    SEGMENT: ?PR?_ENCODE_GET_PHASE_PLAN_REQ?CODEC

*** WARNING L16: UNCALLED SEGMENT, IGNORED FOR OVERLAY PROCESS
    SEGMENT: ?PR?_DECODE_GET_PHASE_PLAN_RES?CODEC

*** WARNING L16: UNCALLED SEGMENT, IGNORED FOR OVERLAY PROCESS
    SEGMENT: ?PR?_ENCODE_SET_TIMMING_PLAN_REQ?CODEC

*** WARNING L16: UNCALLED SEGMENT, IGNORED FOR OVERLAY PROCESS
    SEGMENT: ?PR?_DECODE_GET_TIMMING_PLAN_RES?CODEC

*** WARNING L16: UNCALLED SEGMENT, IGNORED FOR OVERLAY PROCESS
    SEGMENT: ?PR?_ENCODE_GET_TIMMING_PLAN_REQ?CODEC

*** WARNING L16: UNCALLED SEGMENT, IGNORED FOR OVERLAY PROCESS
    SEGMENT: ?PR?_ENCODE_SET_SCHEDULE_PLAN_REQ?CODEC

*** WARNING L16: UNCALLED SEGMENT, IGNORED FOR OVERLAY PROCESS
    SEGMENT: ?PR?_ENCODE_GET_SCHEDULE_PLAN_REQ?CODEC

*** WARNING L16: UNCALLED SEGMENT, IGNORED FOR OVERLAY PROCESS
    SEGMENT: ?PR?_DECODE_GET_SCHEDULE_PLAN_RES?CODEC

*** WARNING L16: UNCALLED SEGMENT, IGNORED FOR OVERLAY PROCESS
    SEGMENT: ?PR?_ENCODE_SET_SPECIAL_DAY_TABLE_REQ?CODEC

*** WARNING L16: UNCALLED SEGMENT, IGNORED FOR OVERLAY PROCESS
    SEGMENT: ?PR?_ENCODE_SET_COMM_PARAM_REQ?CODEC

*** WARNING L16: UNCALLED SEGMENT, IGNORED FOR OVERLAY PROCESS
    SEGMENT: ?PR?_ENCODE_SET_MULTIPLE_SCHEDULE_CONTROL_PARAM_REQ?CODEC

*** WARNING L16: UNCALLED SEGMENT, IGNORED FOR OVERLAY PROCESS
    SEGMENT: ?PR?_ENCODE_SET_CORDLESS_COORDINATE_CONTROL_PARAM_REQ?CODEC

*** WARNING L16: UNCALLED SEGMENT, IGNORED FOR OVERLAY PROCESS
    SEGMENT: ?PR?_ENCODE_SET_CURRENT_CONTROL_MODE_REQ?CODEC

*** WARNING L16: UNCALLED SEGMENT, IGNORED FOR OVERLAY PROCESS
    SEGMENT: ?PR?_DECODE_SYSTEM_TIME?CODEC

*** WARNING L16: UNCALLED SEGMENT, IGNORED FOR OVERLAY PROCESS
    SEGMENT: ?PR?_DECODE_SYSTEM_PARAM?CODEC

*** WARNING L16: UNCALLED SEGMENT, IGNORED FOR OVERLAY PROCESS
    SEGMENT: ?PR?_DECODE_GET_LAMP_GROUP_SETTING_RES?CODEC

*** WARNING L16: UNCALLED SEGMENT, IGNORED FOR OVERLAY PROCESS
BL51 BANKED LINKER/LOCATER V5.03            04/25/2008  09:48:59  PAGE 134


    SEGMENT: ?PR?_DECODE_GET_SPECIAL_DAY_TABLE_RES?CODEC

*** WARNING L16: UNCALLED SEGMENT, IGNORED FOR OVERLAY PROCESS
    SEGMENT: ?PR?_ENCODE_GET_COMM_PARAM_REQ?CODEC

*** WARNING L16: UNCALLED SEGMENT, IGNORED FOR OVERLAY PROCESS
    SEGMENT: ?PR?_DECODE_GET_COMM_PARAM_RES?CODEC

*** WARNING L16: UNCALLED SEGMENT, IGNORED FOR OVERLAY PROCESS
    SEGMENT: ?PR?_DECODE_GET_MULTIPLE_SCHEDULE_CONTROL_PARAM_RES?CODEC

*** WARNING L16: UNCALLED SEGMENT, IGNORED FOR OVERLAY PROCESS
    SEGMENT: ?PR?_DECODE_GET_ACTUATE_CONTROL_PARAM_RES?CODEC

*** WARNING L16: UNCALLED SEGMENT, IGNORED FOR OVERLAY PROCESS
    SEGMENT: ?PR?_ENCODE_SET_ACTUATE_CONTROL_PARAM_REQ?CODEC

*** WARNING L16: UNCALLED SEGMENT, IGNORED FOR OVERLAY PROCESS
    SEGMENT: ?PR?_DECODE_GET_CORDLESS_COORDINATE_CONTROL_PARAM_RES?CODEC

*** WARNING L16: UNCALLED SEGMENT, IGNORED FOR OVERLAY PROCESS
    SEGMENT: ?PR?_DECODE_GET_CURRENT_CONTROL_MODE_RES?CODEC

*** WARNING L16: UNCALLED SEGMENT, IGNORED FOR OVERLAY PROCESS
    SEGMENT: ?PR?_DECODE_GET_MACHINE_STATUS_RES?CODEC

*** WARNING L16: UNCALLED SEGMENT, IGNORED FOR OVERLAY PROCESS
    SEGMENT: ?PR?_ENCODE_DO_LAMP_STATUS_REQ?CODEC

*** WARNING L16: UNCALLED SEGMENT, IGNORED FOR OVERLAY PROCESS
    SEGMENT: ?PR?_DECODE_GET_DETECTOR_COUNTER_RES?CODEC

*** WARNING L16: UNCALLED SEGMENT, IGNORED FOR OVERLAY PROCESS
    SEGMENT: ?PR?_DECODE_GET_DETECTOR_STATUS_RES?CODEC

*** WARNING L16: UNCALLED SEGMENT, IGNORED FOR OVERLAY PROCESS
    SEGMENT: ?PR?_DECODE_GET_LAMP_HEALTH_RES?CODEC

*** WARNING L16: UNCALLED SEGMENT, IGNORED FOR OVERLAY PROCESS
    SEGMENT: ?PR?_DECODE_GET_DETECTOR_HEALTH_RES?CODEC

*** WARNING L16: UNCALLED SEGMENT, IGNORED FOR OVERLAY PROCESS
    SEGMENT: ?PR?_DECODE_GET_VOLUME_OCCUPY_RES?CODEC

*** WARNING L16: UNCALLED SEGMENT, IGNORED FOR OVERLAY PROCESS
    SEGMENT: ?PR?_HANDLE_DO_LAMP_STATUS?COMMAND_REACTOR

*** WARNING L16: UNCALLED SEGMENT, IGNORED FOR OVERLAY PROCESS
    SEGMENT: ?PR?_DEL_SET?DETECTOR_SET

*** WARNING L16: UNCALLED SEGMENT, IGNORED FOR OVERLAY PROCESS
    SEGMENT: ?PR?SAVE_ERR?SMBUS

*** WARNING L16: UNCALLED SEGMENT, IGNORED FOR OVERLAY PROCESS
    SEGMENT: ?PR?_IS_BUFFER_EMPTY?KEY_BUFFER

*** WARNING L16: UNCALLED SEGMENT, IGNORED FOR OVERLAY PROCESS
    SEGMENT: ?PR?_EMPTY_KEY_BUFFER?KEY_BUFFER

*** WARNING L16: UNCALLED SEGMENT, IGNORED FOR OVERLAY PROCESS
    SEGMENT: ?PR?_CPLD_FIFO_IS_WILL_FULL?CPLD_FIFO

******************************************************************************
>> 
* RESTRICTED VERSION WITH 1000H BYTE CODE SIZE LIMIT; USED: 9CD3H BYTE (980%) 
BL51 BANKED LINKER/LOCATER V5.03            04/25/2008  09:48:59  PAGE 135


>> *
******************************************************************************
>> 

Program Size: data=80.5 xdata=15226 code=39571
LINK/LOCATE RUN COMPLETE.  58 WARNING(S),  0 ERROR(S)

*** WARNING L16: UNCALLED SEGMENT, IGNORED FOR OVERLAY PROCESS
    SEGMENT: ?PR?_LAMP_GROUP_SETTING_GET_LAMP_GROUP_COUNT?DATASTRUCT

*** WARNING L16: UNCALLED SEGMENT, IGNORED FOR OVERLAY PROCESS
    SEGMENT: ?PR?_GREEN_CONFLICT_SET_CONFLICT?DATASTRUCT

*** WARNING L16: UNCALLED SEGMENT, IGNORED FOR OVERLAY PROCESS
    SEGMENT: ?PR?_LAMP_GROUP_SETTING_GET_TERMINAL?DATASTRUCT

*** WARNING L16: UNCALLED SEGMENT, IGNORED FOR OVERLAY PROCESS
    SEGMENT: ?PR?_PHASE_SET_OUTPUT?DATASTRUCT

*** WARNING L16: UNCALLED SEGMENT, IGNORED FOR OVERLAY PROCESS
    SEGMENT: ?PR?_IS_PHASE_GREEN_CONFLICT?DATASTRUCT

*** WARNING L16: UNCALLED SEGMENT, IGNORED FOR OVERLAY PROCESS
    SEGMENT: ?PR?_LAMP_HEALTH_GET_HEALTH?DATASTRUCT

*** WARNING L16: UNCALLED SEGMENT, IGNORED FOR OVERLAY PROCESS
    SEGMENT: ?PR?_LAMP_HEALTH_SET_HEALTH?DATASTRUCT

*** WARNING L16: UNCALLED SEGMENT, IGNORED FOR OVERLAY PROCESS
    SEGMENT: ?PR?_DETECTOR_HEALTH_GET_HEALTH?DATASTRUCT

*** WARNING L16: UNCALLED SEGMENT, IGNORED FOR OVERLAY PROCESS
    SEGMENT: ?PR?_DETECTOR_HEALTH_SET_HEALTH?DATASTRUCT

*** WARNING L16: UNCALLED SEGMENT, IGNORED FOR OVERLAY PROCESS
    SEGMENT: ?PR?_DETECTOR_STATUS_GET_STATUS?DATASTRUCT

*** WARNING L16: UNCALLED SEGMENT, IGNORED FOR OVERLAY PROCESS
    SEGMENT: ?PR?_DETECTOR_STATUS_SET_STATUS?DATASTRUCT

*** WARNING L16: UNCALLED SEGMENT, IGNORED FOR OVERLAY PROCESS
    SEGMENT: ?PR?_DO_WAIT?KERNEL

*** WARNING L16: UNCALLED SEGMENT, IGNORED FOR OVERLAY PROCESS
    SEGMENT: ?PR?_IS_CMD_RESPONSE_OK?CODEC

*** WARNING L16: UNCALLED SEGMENT, IGNORED FOR OVERLAY PROCESS
    SEGMENT: ?PR?_ENCODE_SET_SYSTEM_TIME_REQ?CODEC

*** WARNING L16: UNCALLED SEGMENT, IGNORED FOR OVERLAY PROCESS
    SEGMENT: ?PR?_DECODE_GET_SYSTEM_TIME_RES?CODEC

*** WARNING L16: UNCALLED SEGMENT, IGNORED FOR OVERLAY PROCESS
    SEGMENT: ?PR?_ENCODE_SET_SYSTEM_PARAM_REQ?CODEC

*** WARNING L16: UNCALLED SEGMENT, IGNORED FOR OVERLAY PROCESS
    SEGMENT: ?PR?_DECODE_GET_SYSTEM_PARAM_RES?CODEC

*** WARNING L16: UNCALLED SEGMENT, IGNORED FOR OVERLAY PROCESS
    SEGMENT: ?PR?_ENCODE_SET_LAMP_GROUP_SETTING_REQ?CODEC

*** WARNING L16: UNCALLED SEGMENT, IGNORED FOR OVERLAY PROCESS
    SEGMENT: ?PR?_ENCODE_SET_DETECTOR_SETTING_REQ?CODEC

*** WARNING L16: UNCALLED SEGMENT, IGNORED FOR OVERLAY PROCESS
BL51 BANKED LINKER/LOCATER V5.03            04/25/2008  09:48:59  PAGE 136


    SEGMENT: ?PR?_DECODE_GET_DETECTOR_SETTING_RES?CODEC

*** WARNING L16: UNCALLED SEGMENT, IGNORED FOR OVERLAY PROCESS
    SEGMENT: ?PR?_ENCODE_SET_PHASE_PLAN_REQ?CODEC

*** WARNING L16: UNCALLED SEGMENT, IGNORED FOR OVERLAY PROCESS
    SEGMENT: ?PR?_ENCODE_GET_PHASE_PLAN_REQ?CODEC

*** WARNING L16: UNCALLED SEGMENT, IGNORED FOR OVERLAY PROCESS
    SEGMENT: ?PR?_DECODE_GET_PHASE_PLAN_RES?CODEC

*** WARNING L16: UNCALLED SEGMENT, IGNORED FOR OVERLAY PROCESS
    SEGMENT: ?PR?_ENCODE_SET_TIMMING_PLAN_REQ?CODEC

*** WARNING L16: UNCALLED SEGMENT, IGNORED FOR OVERLAY PROCESS
    SEGMENT: ?PR?_DECODE_GET_TIMMING_PLAN_RES?CODEC

*** WARNING L16: UNCALLED SEGMENT, IGNORED FOR OVERLAY PROCESS
    SEGMENT: ?PR?_ENCODE_GET_TIMMING_PLAN_REQ?CODEC

*** WARNING L16: UNCALLED SEGMENT, IGNORED FOR OVERLAY PROCESS
    SEGMENT: ?PR?_ENCODE_SET_SCHEDULE_PLAN_REQ?CODEC

*** WARNING L16: UNCALLED SEGMENT, IGNORED FOR OVERLAY PROCESS
    SEGMENT: ?PR?_ENCODE_GET_SCHEDULE_PLAN_REQ?CODEC

*** WARNING L16: UNCALLED SEGMENT, IGNORED FOR OVERLAY PROCESS
    SEGMENT: ?PR?_DECODE_GET_SCHEDULE_PLAN_RES?CODEC

*** WARNING L16: UNCALLED SEGMENT, IGNORED FOR OVERLAY PROCESS
    SEGMENT: ?PR?_ENCODE_SET_SPECIAL_DAY_TABLE_REQ?CODEC

*** WARNING L16: UNCALLED SEGMENT, IGNORED FOR OVERLAY PROCESS
    SEGMENT: ?PR?_ENCODE_SET_COMM_PARAM_REQ?CODEC

*** WARNING L16: UNCALLED SEGMENT, IGNORED FOR OVERLAY PROCESS
    SEGMENT: ?PR?_ENCODE_SET_MULTIPLE_SCHEDULE_CONTROL_PARAM_REQ?CODEC

*** WARNING L16: UNCALLED SEGMENT, IGNORED FOR OVERLAY PROCESS
    SEGMENT: ?PR?_ENCODE_SET_CORDLESS_COORDINATE_CONTROL_PARAM_REQ?CODEC

*** WARNING L16: UNCALLED SEGMENT, IGNORED FOR OVERLAY PROCESS
    SEGMENT: ?PR?_ENCODE_SET_CURRENT_CONTROL_MODE_REQ?CODEC

*** WARNING L16: UNCALLED SEGMENT, IGNORED FOR OVERLAY PROCESS
    SEGMENT: ?PR?_DECODE_SYSTEM_TIME?CODEC

*** WARNING L16: UNCALLED SEGMENT, IGNORED FOR OVERLAY PROCESS
    SEGMENT: ?PR?_DECODE_SYSTEM_PARAM?CODEC

*** WARNING L16: UNCALLED SEGMENT, IGNORED FOR OVERLAY PROCESS
    SEGMENT: ?PR?_DECODE_GET_LAMP_GROUP_SETTING_RES?CODEC

*** WARNING L16: UNCALLED SEGMENT, IGNORED FOR OVERLAY PROCESS
    SEGMENT: ?PR?_DECODE_GET_SPECIAL_DAY_TABLE_RES?CODEC

*** WARNING L16: UNCALLED SEGMENT, IGNORED FOR OVERLAY PROCESS
    SEGMENT: ?PR?_ENCODE_GET_COMM_PARAM_REQ?CODEC

*** WARNING L16: UNCALLED SEGMENT, IGNORED FOR OVERLAY PROCESS
    SEGMENT: ?PR?_DECODE_GET_COMM_PARAM_RES?CODEC

*** WARNING L16: UNCALLED SEGMENT, IGNORED FOR OVERLAY PROCESS
    SEGMENT: ?PR?_DECODE_GET_MULTIPLE_SCHEDULE_CONTROL_PARAM_RES?CODEC

BL51 BANKED LINKER/LOCATER V5.03            04/25/2008  09:48:59  PAGE 137


*** WARNING L16: UNCALLED SEGMENT, IGNORED FOR OVERLAY PROCESS
    SEGMENT: ?PR?_DECODE_GET_ACTUATE_CONTROL_PARAM_RES?CODEC

*** WARNING L16: UNCALLED SEGMENT, IGNORED FOR OVERLAY PROCESS
    SEGMENT: ?PR?_ENCODE_SET_ACTUATE_CONTROL_PARAM_REQ?CODEC

*** WARNING L16: UNCALLED SEGMENT, IGNORED FOR OVERLAY PROCESS
    SEGMENT: ?PR?_DECODE_GET_CORDLESS_COORDINATE_CONTROL_PARAM_RES?CODEC

*** WARNING L16: UNCALLED SEGMENT, IGNORED FOR OVERLAY PROCESS
    SEGMENT: ?PR?_DECODE_GET_CURRENT_CONTROL_MODE_RES?CODEC

*** WARNING L16: UNCALLED SEGMENT, IGNORED FOR OVERLAY PROCESS
    SEGMENT: ?PR?_DECODE_GET_MACHINE_STATUS_RES?CODEC

*** WARNING L16: UNCALLED SEGMENT, IGNORED FOR OVERLAY PROCESS
    SEGMENT: ?PR?_ENCODE_DO_LAMP_STATUS_REQ?CODEC

*** WARNING L16: UNCALLED SEGMENT, IGNORED FOR OVERLAY PROCESS
    SEGMENT: ?PR?_DECODE_GET_DETECTOR_COUNTER_RES?CODEC

*** WARNING L16: UNCALLED SEGMENT, IGNORED FOR OVERLAY PROCESS
    SEGMENT: ?PR?_DECODE_GET_DETECTOR_STATUS_RES?CODEC

*** WARNING L16: UNCALLED SEGMENT, IGNORED FOR OVERLAY PROCESS
    SEGMENT: ?PR?_DECODE_GET_LAMP_HEALTH_RES?CODEC

*** WARNING L16: UNCALLED SEGMENT, IGNORED FOR OVERLAY PROCESS
    SEGMENT: ?PR?_DECODE_GET_DETECTOR_HEALTH_RES?CODEC

*** WARNING L16: UNCALLED SEGMENT, IGNORED FOR OVERLAY PROCESS
    SEGMENT: ?PR?_DECODE_GET_VOLUME_OCCUPY_RES?CODEC

*** WARNING L16: UNCALLED SEGMENT, IGNORED FOR OVERLAY PROCESS
    SEGMENT: ?PR?_HANDLE_DO_LAMP_STATUS?COMMAND_REACTOR

*** WARNING L16: UNCALLED SEGMENT, IGNORED FOR OVERLAY PROCESS
    SEGMENT: ?PR?_DEL_SET?DETECTOR_SET

*** WARNING L16: UNCALLED SEGMENT, IGNORED FOR OVERLAY PROCESS
    SEGMENT: ?PR?SAVE_ERR?SMBUS

*** WARNING L16: UNCALLED SEGMENT, IGNORED FOR OVERLAY PROCESS
    SEGMENT: ?PR?_IS_BUFFER_EMPTY?KEY_BUFFER

*** WARNING L16: UNCALLED SEGMENT, IGNORED FOR OVERLAY PROCESS
    SEGMENT: ?PR?_EMPTY_KEY_BUFFER?KEY_BUFFER

*** WARNING L16: UNCALLED SEGMENT, IGNORED FOR OVERLAY PROCESS
    SEGMENT: ?PR?_CPLD_FIFO_IS_WILL_FULL?CPLD_FIFO

*** FATAL ERROR L250: CODE SIZE LIMIT IN RESTRICTED VERSION EXCEEDED
    MODULE:  D:\SILABS\MCU\IDEFILES\C51\LIB\C51L.LIB (-----)
    LIMIT:   1000H BYTES